Component: ARM Compiler 5.05 update 1 (build 106) Tool: armlink [4d0efa]

==============================================================================

Section Cross References

    maindmr.o(i.DMR_ErrorCheck) refers to stm32f10x_gpio.o(i.GPIO_SetBits) for GPIO_SetBits
    maindmr.o(i.DMR_ErrorCheck) refers to maindmr.o(.bss) for dmr
    maindmr.o(i.DMR_Init) refers to maindmr.o(.bss) for dmr
    maindmr.o(i.DMR_Init) refers to maindmr.o(i.DMR_MMI_Idle_Handler) for DMR_MMI_Idle_Handler
    maindmr.o(i.DMR_Init) refers to maindmr.o(i.DMR_MMI_DataOff_Handler) for DMR_MMI_DataOff_Handler
    maindmr.o(i.DMR_Init) refers to maindmr.o(i.DMR_MMI_DataOn_Handler) for DMR_MMI_DataOn_Handler
    maindmr.o(i.DMR_Init) refers to maindmr.o(i.DMR_MMI_PTTKey_Handler) for DMR_MMI_PTTKey_Handler
    maindmr.o(i.DMR_Init) refers to maindmr.o(i.DMR_MMI_Volume) for DMR_MMI_Volume
    maindmr.o(i.DMR_Init) refers to maindmr.o(i.DMR_MMI_StarKey_Handler) for DMR_MMI_StarKey_Handler
    maindmr.o(i.DMR_MMI_DataOff_Handler) refers to maindmr.o(.bss) for dmr
    maindmr.o(i.DMR_MMI_DataOn_Handler) refers to maindmr.o(.bss) for dmr
    maindmr.o(i.DMR_MMI_Idle_Handler) refers to stm32f10x_gpio.o(i.GPIO_ResetBits) for GPIO_ResetBits
    maindmr.o(i.DMR_MMI_Idle_Handler) refers to cmx7161.o(i.CMX7161_RxFIFOSetup) for CMX7161_RxFIFOSetup
    maindmr.o(i.DMR_MMI_Idle_Handler) refers to cmx7161.o(i.CMX7161_EnableIRQ) for CMX7161_EnableIRQ
    maindmr.o(i.DMR_MMI_Idle_Handler) refers to cmx7161.o(i.CMX7161_ModemOptions) for CMX7161_ModemOptions
    maindmr.o(i.DMR_MMI_Idle_Handler) refers to cmx7161.o(i.CMX7161_ModemControl) for CMX7161_ModemControl
    maindmr.o(i.DMR_MMI_Idle_Handler) refers to maindmr.o(.bss) for dmr
    maindmr.o(i.DMR_MMI_PTTKey_Handler) refers to stm32f10x_gpio.o(i.GPIO_ResetBits) for GPIO_ResetBits
    maindmr.o(i.DMR_MMI_PTTKey_Handler) refers to cmx7262.o(i.CMX7262_Idle) for CMX7262_Idle
    maindmr.o(i.DMR_MMI_PTTKey_Handler) refers to cmx7161.o(i.CMX7161_DisableIRQ) for CMX7161_DisableIRQ
    maindmr.o(i.DMR_MMI_PTTKey_Handler) refers to cmx7161.o(i.CMX7161_ModemControl) for CMX7161_ModemControl
    maindmr.o(i.DMR_MMI_PTTKey_Handler) refers to cmx7262.o(i.CMX7262_Encode) for CMX7262_Encode
    maindmr.o(i.DMR_MMI_PTTKey_Handler) refers to maindmr.o(.bss) for dmr
    maindmr.o(i.DMR_MMI_StarKey_Handler) refers to cmx7262.o(i.CMX7262_Idle) for CMX7262_Idle
    maindmr.o(i.DMR_MMI_StarKey_Handler) refers to cmx7161.o(i.CMX7161_DisableIRQ) for CMX7161_DisableIRQ
    maindmr.o(i.DMR_MMI_StarKey_Handler) refers to cmx7161.o(i.CMX7161_ModemControl) for CMX7161_ModemControl
    maindmr.o(i.DMR_MMI_StarKey_Handler) refers to maindmr.o(.bss) for dmr
    maindmr.o(i.DMR_MMI_Volume) refers to cmx7262.o(i.CMX7262_MMI_AudioGain) for CMX7262_MMI_AudioGain
    maindmr.o(i.DMR_MMI_Volume) refers to maindmr.o(.bss) for dmr
    maindmr.o(i.DMR_SlotTestComparison) refers to maindmr.o(.constdata) for aModemTestSamples
    maindmr.o(i.DMR_SlotTestComparison) refers to maindmr.o(.bss) for aTestSamples
    maindmr.o(i.DMR_SysTick) refers to maindmr.o(i.DMR_ErrorCheck) for DMR_ErrorCheck
    maindmr.o(i.DMR_SysTick) refers to cmx7161.o(i.CMX7161_TxData) for CMX7161_TxData
    maindmr.o(i.DMR_SysTick) refers to cmx7161.o(i.CMX7161_ModemControl) for CMX7161_ModemControl
    maindmr.o(i.DMR_SysTick) refers to cmx7262.o(i.CMX7262_Decode) for CMX7262_Decode
    maindmr.o(i.DMR_SysTick) refers to cmx7262.o(i.CMX7262_TxFIFO) for CMX7262_TxFIFO
    maindmr.o(i.DMR_SysTick) refers to maindmr.o(i.PRBS_CheckPattern) for PRBS_CheckPattern
    maindmr.o(i.DMR_SysTick) refers to cmx7262.o(i.CMX7262_RxFIFO) for CMX7262_RxFIFO
    maindmr.o(i.DMR_SysTick) refers to cmx7262.o(i.CMX7262_Idle) for CMX7262_Idle
    maindmr.o(i.DMR_SysTick) refers to maindmr.o(i.PRBS_CopyPattern) for PRBS_CopyPattern
    maindmr.o(i.DMR_SysTick) refers to cmx7161.o(i.CMX7161_RxData) for CMX7161_RxData
    maindmr.o(i.DMR_SysTick) refers to maindmr.o(i.DMR_CheckSync) for DMR_CheckSync
    maindmr.o(i.DMR_SysTick) refers to stm32f10x_sdr.o(i.GPIO_ToggleBits) for GPIO_ToggleBits
    maindmr.o(i.DMR_SysTick) refers to cmx7161.o(i.CMX7161_DisableIRQ) for CMX7161_DisableIRQ
    maindmr.o(i.DMR_SysTick) refers to maindmr.o(.bss) for dmr
    maindmr.o(i.DMR_SysTick) refers to maindmr.o(.data) for sDMRTxStartDelayCnt
    maindmr.o(i.DMR_SysTick) refers to stm32f10x_gpio.o(i.GPIO_SetBits) for GPIO_SetBits
    maindmr.o(i.DMR_WriteFlash) refers to stm32f10x_flash.o(i.FLASH_Unlock) for FLASH_Unlock
    maindmr.o(i.DMR_WriteFlash) refers to stm32f10x_flash.o(i.FLASH_ClearFlag) for FLASH_ClearFlag
    maindmr.o(i.DMR_WriteFlash) refers to stm32f10x_flash.o(i.FLASH_ErasePage) for FLASH_ErasePage
    maindmr.o(i.DMR_WriteFlash) refers to stm32f10x_flash.o(i.FLASH_ProgramWord) for FLASH_ProgramWord
    maindmr.o(i.DMR_WriteFlash) refers to stm32f10x_flash.o(i.FLASH_Lock) for FLASH_Lock
    maindmr.o(i.PRBS_CheckPattern) refers to maindmr.o(.data) for uPRBSByteCount
[...]
    i.NMI_Handler                            0x08002ed4   Section        0  stm32f10x_it.o(i.NMI_Handler)
    i.NVIC_Init                              0x08002ed8   Section        0  misc.o(i.NVIC_Init)
    i.NVIC_PriorityGroupConfig               0x08002f48   Section        0  misc.o(i.NVIC_PriorityGroupConfig)
    i.PRBS_CheckPattern                      0x08002f5c   Section        0  maindmr.o(i.PRBS_CheckPattern)
    i.PRBS_CopyPattern                       0x08002fc8   Section        0  maindmr.o(i.PRBS_CopyPattern)
    i.PRBS_ReadBitErrorCount                 0x08003004   Section        0  maindmr.o(i.PRBS_ReadBitErrorCount)
    i.PRBS_ReadFrameCount                    0x08003010   Section        0  maindmr.o(i.PRBS_ReadFrameCount)
    i.PendSV_Handler                         0x08003034   Section        0  stm32f10x_it.o(i.PendSV_Handler)
    i.PendSV_Priority                        0x0800303c   Section        0  stm32f10x_it.o(i.PendSV_Priority)
    i.PortE_Init                             0x08003048   Section        0  stm32f10x_sdr.o(i.PortE_Init)
    i.ProcessKeys                            0x08003074   Section        0  mmi_dmr.o(i.ProcessKeys)
    i.RCC_ADCCLKConfig                       0x08003508   Section        0  stm32f10x_rcc.o(i.RCC_ADCCLKConfig)
    i.RCC_APB1PeriphClockCmd                 0x08003520   Section        0  stm32f10x_rcc.o(i.RCC_APB1PeriphClockCmd)
    i.RCC_APB1PeriphResetCmd                 0x08003540   Section        0  stm32f10x_rcc.o(i.RCC_APB1PeriphResetCmd)
    i.RCC_APB2PeriphClockCmd                 0x08003560   Section        0  stm32f10x_rcc.o(i.RCC_APB2PeriphClockCmd)
    i.RCC_APB2PeriphResetCmd                 0x08003580   Section        0  stm32f10x_rcc.o(i.RCC_APB2PeriphResetCmd)
    i.RCC_GetClocksFreq                      0x080035a0   Section        0  stm32f10x_rcc.o(i.RCC_GetClocksFreq)
    i.Radio_CMX994Config                     0x08003674   Section        0  radio.o(i.Radio_CMX994Config)
    i.Radio_SkyWorks                         0x080037d2   Section        0  radio.o(i.Radio_SkyWorks)
    i.ReadCounter                            0x08003838   Section        0  stm32f10x_sdr.o(i.ReadCounter)
    i.ReadPTT                                0x08003858   Section        0  mmi.o(i.ReadPTT)
    i.ReadRSSI                               0x08003894   Section        0  mmi_dmr.o(i.ReadRSSI)
    i.SDR_Dummy_IRQ                          0x080038e0   Section        0  stm32f10x_sdr.o(i.SDR_Dummy_IRQ)
    i.SDR_Init                               0x080038e4   Section        0  stm32f10x_sdr.o(i.SDR_Init)
    i.SDR_Load_FI                            0x08003924   Section        0  stm32f10x_sdr.o(i.SDR_Load_FI)
    i.SPI_Cmd                                0x08003ba4   Section        0  stm32f10x_spi.o(i.SPI_Cmd)
    i.SPI_I2S_DeInit                         0x08003bbc   Section        0  stm32f10x_spi.o(i.SPI_I2S_DeInit)
    i.SPI_I2S_GetFlagStatus                  0x08003c14   Section        0  stm32f10x_spi.o(i.SPI_I2S_GetFlagStatus)
    i.SPI_I2S_ReceiveData                    0x08003c26   Section        0  stm32f10x_spi.o(i.SPI_I2S_ReceiveData)
    i.SPI_I2S_SendData                       0x08003c2c   Section        0  stm32f10x_spi.o(i.SPI_I2S_SendData)
    i.SPI_Init                               0x08003c30   Section        0  stm32f10x_spi.o(i.SPI_Init)
    i.SVC_Handler                            0x08003c6c   Section        0  stm32f10x_it.o(i.SVC_Handler)
    i.Save_Handler                           0x08003c70   Section        0  mmi_dmr.o(i.Save_Handler)
    i.SetChannel                             0x08003cb8   Section        0  mmi.o(i.SetChannel)
    i.SetSysClock                            0x08003d04   Section        0  system_stm32f10x_1.o(i.SetSysClock)
    SetSysClock                              0x08003d05   Thumb Code     8  system_stm32f10x_1.o(i.SetSysClock)
    i.SetSysClockTo72                        0x08003d0c   Section        0  system_stm32f10x_1.o(i.SetSysClockTo72)
    SetSysClockTo72                          0x08003d0d   Thumb Code   214  system_stm32f10x_1.o(i.SetSysClockTo72)
    i.SetVol                                 0x08003dec   Section        0  mmi_dmr.o(i.SetVol)
    i.SysTick_Handler                        0x08003e38   Section        0  stm32f10x_it.o(i.SysTick_Handler)
    i.SysTick_Priority                       0x08003e40   Section        0  stm32f10x_it.o(i.SysTick_Priority)
    i.SystemCoreClockUpdate                  0x08003e4c   Section        0  system_stm32f10x_1.o(i.SystemCoreClockUpdate)
    i.SystemInit                             0x08003ef0   Section        0  system_stm32f10x_1.o(i.SystemInit)
    i.TIM1_Init_MMI                          0x08003f50   Section        0  mmi.o(i.TIM1_Init_MMI)
    i.TIM2_Init                              0x08004000   Section        0  stm32f10x_sdr.o(i.TIM2_Init)
    i.TIM3_Init                              0x08004068   Section        0  stm32f10x_sdr.o(i.TIM3_Init)
    i.TIM4_Init                              0x080040b4   Section        0  stm32f10x_sdr.o(i.TIM4_Init)
    i.TIM5_Init                              0x0800410c   Section        0  stm32f10x_sdr.o(i.TIM5_Init)
    i.TIM_ARRPreloadConfig                   0x08004164   Section        0  stm32f10x_tim.o(i.TIM_ARRPreloadConfig)
    i.TIM_Cmd                                0x0800417c   Section        0  stm32f10x_tim.o(i.TIM_Cmd)
    i.TIM_CtrlPWMOutputs                     0x08004194   Section        0  stm32f10x_tim.o(i.TIM_CtrlPWMOutputs)
    i.TIM_GetCounter                         0x080041b2   Section        0  stm32f10x_tim.o(i.TIM_GetCounter)
    i.TIM_ITRxExternalClockConfig            0x080041b8   Section        0  stm32f10x_tim.o(i.TIM_ITRxExternalClockConfig)
    i.TIM_OC1Init                            0x080041d0   Section        0  stm32f10x_tim.o(i.TIM_OC1Init)
    i.TIM_OC1PreloadConfig                   0x08004268   Section        0  stm32f10x_tim.o(i.TIM_OC1PreloadConfig)
    i.TIM_SelectInputTrigger                 0x0800427a   Section        0  stm32f10x_tim.o(i.TIM_SelectInputTrigger)
    i.TIM_SelectOutputTrigger                0x0800428c   Section        0  stm32f10x_tim.o(i.TIM_SelectOutputTrigger)
    i.TIM_SetCounter                         0x0800429e   Section        0  stm32f10x_tim.o(i.TIM_SetCounter)
    i.TIM_TimeBaseInit                       0x080042a4   Section        0  stm32f10x_tim.o(i.TIM_TimeBaseInit)
    i.TIM_UpdateDisableConfig                0x08004348   Section        0  stm32f10x_tim.o(i.TIM_UpdateDisableConfig)
    i.USART1_IRQHandler                      0x08004360   Section        0  stm32f10x_it.o(i.USART1_IRQHandler)
    i.USART_Cmd                              0x08004362   Section        0  stm32f10x_usart.o(i.USART_Cmd)
    i.USART_DeInit                           0x0800437c   Section        0  stm32f10x_usart.o(i.USART_DeInit)
    i.USART_Init                             0x08004418   Section        0  stm32f10x_usart.o(i.USART_Init)
    i.UpdateDisplay                          0x080044f0   Section        0  mmi.o(i.UpdateDisplay)
    i.UpdateStrings                          0x08004570   Section        0  mmi_dmr.o(i.UpdateStrings)
    i.UsageFault_Handler                     0x080048c0   Section        0  stm32f10x_it.o(i.UsageFault_Handler)
    i.VolumeDown                             0x080048c4   Section        0  mmi.o(i.VolumeDown)
    i.VolumeUp                               0x080048dc   Section        0  mmi.o(i.VolumeUp)
    i.dummy                                  0x080048f4   Section        0  mmi_dmr.o(i.dummy)
    i.freq_control_handler                   0x080048f8   Section        0  mmi_dmr.o(i.freq_control_handler)
    i.main                                   0x08004964   Section        0  maindmr.o(i.main)
    i.pa_handler                             0x08004a34   Section        0  mmi_dmr.o(i.pa_handler)
    i.rx_mode_handler                        0x08004a7c   Section        0  mmi_dmr.o(i.rx_mode_handler)
    i.tx_pattern_handler                     0x08004ad8   Section        0  mmi_dmr.o(i.tx_pattern_handler)
    locale$$code                             0x08004b48   Section       44  lc_ctype_c.o(locale$$code)
    .constdata                               0x08004b74   Section      128  cmx7161.o(.constdata)
    .constdata                               0x08004bf4   Section       42  mmi_dmr.o(.constdata)
    .constdata                               0x08004c20   Section       35  stm32f10x_it.o(.constdata)
    .constdata                               0x08004c43   Section       40  _printf_hex_int.o(.constdata)
    uc_hextab                                0x08004c43   Data          20  _printf_hex_int.o(.constdata)
    lc_hextab                                0x08004c57   Data          20  _printf_hex_int.o(.constdata)
    locale$$data                             0x08004c8c   Section      272  lc_ctype_c.o(locale$$data)
    __lcctype_c_name                         0x08004c90   Data           2  lc_ctype_c.o(locale$$data)
    __lcctype_c_start                        0x08004c98   Data           0  lc_ctype_c.o(locale$$data)
    __lcctype_c_end                          0x08004d9c   Data           0  lc_ctype_c.o(locale$$data)
    .data                                    0x20000000   Section      548  maindmr.o(.data)
    sDMRRxLostSyncCnt                        0x2000021e   Data           2  maindmr.o(.data)
    sDMRRxStartDelayCnt                      0x20000220   Data           2  maindmr.o(.data)
    sDMRTxStartDelayCnt                      0x20000222   Data           2  maindmr.o(.data)
    .data                                    0x20000224   Section       20  stm32f10x_rcc.o(.data)
    APBAHBPrescTable                         0x20000224   Data          16  stm32f10x_rcc.o(.data)
    ADCPrescTable                            0x20000234   Data           4  stm32f10x_rcc.o(.data)
    .data                                    0x20000238   Section        4  cmx7161.o(.data)
    .data                                    0x2000023c   Section        4  cmx7262.o(.data)
    .data                                    0x20000240   Section     1946  mmi_dmr.o(.data)
    OldKeys                                  0x200009d0   Data           4  mmi_dmr.o(.data)
    OldPTT                                   0x200009d4   Data           4  mmi_dmr.o(.data)
    old_reading                              0x200009d8   Data           2  mmi_dmr.o(.data)
    .data                                    0x200009dc   Section       12  stm32f10x_it.o(.data)
    .data                                    0x200009e8   Section       12  stm32f10x_sdr.o(.data)
    GPIO_InitStructure                       0x200009e8   Data           4  stm32f10x_sdr.o(.data)
    .data                                    0x200009f4   Section       88  mmi.o(.data)
    i                                        0x20000a40   Data           2  mmi.o(.data)
    state                                    0x20000a44   Data           4  mmi.o(.data)
    OldADCReading                            0x20000a48   Data           4  mmi.o(.data)
    .data                                    0x20000a4c   Section       20  system_stm32f10x_1.o(.data)
    .bss                                     0x20000a60   Section     1624  maindmr.o(.bss)
    .bss                                     0x200010b8   Section       17  mmi_dmr.o(.bss)
    .bss                                     0x200010cc   Section       36  stm32f10x_sdr.o(.bss)
    .bss                                     0x200010f0   Section       96  libspace.o(.bss)
    HEAP                                     0x20001150   Section      512  startup_stm32f10x_hd.o(HEAP)
    Heap_Mem                                 0x20001150   Data         512  startup_stm32f10x_hd.o(HEAP)
    STACK                                    0x20001350   Section     1024  startup_stm32f10x_hd.o(STACK)
    Stack_Mem                                0x20001350   Data        1024  startup_stm32f10x_hd.o(STACK)
    __initial_sp                             0x20001750   Data           0  startup_stm32f10x_hd.o(STACK)

    Global Symbols

    Symbol Name                              Value     Ov Type        Size  Object(Section)

    BuildAttributes$$THM_ISAv4$P$D$K$B$S$PE$A:L22UL41UL21$X:L11$S22US41US21$IEEE1$IW$USESV6$~STKCKD$USESV7$~SHL$OSPACE$ROPI$EBA8$UX$STANDARDLIB$REQ8$PRES8$EABIv2 0x00000000   Number         0  anon$$obj.o ABSOLUTE
    __ARM_use_no_argv                        0x00000000   Number         0  maindmr.o ABSOLUTE
    __ARM_exceptions_init                     - Undefined Weak Reference
    __alloca_initialize                       - Undefined Weak Reference
    __arm_preinit_                            - Undefined Weak Reference
    __cpp_initialize__aeabi_                  - Undefined Weak Reference
    __cxa_finalize                            - Undefined Weak Reference
    __sigvec_lookup                           - Undefined Weak Reference
    _atexit_init                              - Undefined Weak Reference
    _call_atexit_fns                          - Undefined Weak Reference
    _clock_init                               - Undefined Weak Reference
    _fp_trap_init                             - Undefined Weak Reference
    _fp_trap_shutdown                         - Undefined Weak Reference
    _get_lc_collate                           - Undefined Weak Reference
    _get_lc_monetary                          - Undefined Weak Reference
    _get_lc_numeric                           - Undefined Weak Reference
    _get_lc_time                              - Undefined Weak Reference
    _getenv_init                              - Undefined Weak Reference
    _handle_redirection                       - Undefined Weak Reference
    _init_alloc                               - Undefined Weak Reference
    _init_user_alloc                          - Undefined Weak Reference
    _initio                                   - Undefined Weak Reference
    _printf_mbtowc                            - Undefined Weak Reference
    _printf_post_padding                      - Undefined Weak Reference
    _printf_pre_padding                       - Undefined Weak Reference
    _printf_truncate_signed                   - Undefined Weak Reference
    _printf_truncate_unsigned                 - Undefined Weak Reference
    _rand_init                                - Undefined Weak Reference
    _signal_finish                            - Undefined Weak Reference
    _signal_init                              - Undefined Weak Reference
    _terminate_alloc                          - Undefined Weak Reference
    _terminate_user_alloc                     - Undefined Weak Reference
    _terminateio                              - Undefined Weak Reference
    __Vectors_Size                           0x00000130   Number         0  startup_stm32f10x_hd.o ABSOLUTE
    __Vectors                                0x08000000   Data           4  startup_stm32f10x_hd.o(RESET)
    __Vectors_End                            0x08000130   Data           0  startup_stm32f10x_hd.o(RESET)
    __main                                   0x08000131   Thumb Code     8  __main.o(!!!main)
    __scatterload                            0x08000139   Thumb Code     0  __scatter.o(!!!scatter)
    __scatterload_rt2                        0x08000139   Thumb Code    44  __scatter.o(!!!scatter)
    __scatterload_rt2_thumb_only             0x08000139   Thumb Code     0  __scatter.o(!!!scatter)
    __scatterload_null                       0x08000147   Thumb Code     0  __scatter.o(!!!scatter)
    __decompress                             0x0800016d   Thumb Code    90  __dczerorl2.o(!!dczerorl2)
    __decompress1                            0x0800016d   Thumb Code     0  __dczerorl2.o(!!dczerorl2)
    __scatterload_zeroinit                   0x080001c9   Thumb Code    28  __scatter_zi.o(!!handler_zi)
    _printf_d                                0x080001e5   Thumb Code     0  _printf_d.o(.ARM.Collect$$_printf_percent$$00000009)
    _printf_percent                          0x080001e5   Thumb Code     0  _printf_percent.o(.ARM.Collect$$_printf_percent$$00000000)
    _printf_x                                0x080001eb   Thumb Code     0  _printf_x.o(.ARM.Collect$$_printf_percent$$0000000C)
    _printf_s                                0x080001f1   Thumb Code     0  _printf_s.o(.ARM.Collect$$_printf_percent$$00000014)
    _printf_percent_end                      0x080001f7   Thumb Code     0  _printf_percent_end.o(.ARM.Collect$$_printf_percent$$00000017)
    __rt_lib_init                            0x080001fb   Thumb Code     0  libinit.o(.ARM.Collect$$libinit$$00000000)
    __rt_lib_init_fp_1                       0x080001fd   Thumb Code     0  libinit2.o(.ARM.Collect$$libinit$$00000002)
    __rt_lib_init_heap_1                     0x080001fd   Thumb Code     0  libinit2.o(.ARM.Collect$$libinit$$0000000A)
    __rt_lib_init_lc_common                  0x080001fd   Thumb Code     0  libinit2.o(.ARM.Collect$$libinit$$0000000F)
    __rt_lib_init_preinit_1                  0x080001fd   Thumb Code     0  libinit2.o(.ARM.Collect$$libinit$$00000004)
    __rt_lib_init_rand_1                     0x080001fd   Thumb Code     0  libinit2.o(.ARM.Collect$$libinit$$0000000E)
    __rt_lib_init_user_alloc_1               0x080001fd   Thumb Code     0  libinit2.o(.ARM.Collect$$libinit$$0000000C)
    __rt_lib_init_lc_collate_1               0x08000203   Thumb Code     0  libinit2.o(.ARM.Collect$$libinit$$00000011)
    __rt_lib_init_lc_ctype_2                 0x08000203   Thumb Code     0  libinit2.o(.ARM.Collect$$libinit$$00000012)
    __rt_lib_init_alloca_1                   0x0800020f   Thumb Code     0  libinit2.o(.ARM.Collect$$libinit$$0000002E)
    __rt_lib_init_argv_1                     0x0800020f   Thumb Code     0  libinit2.o(.ARM.Collect$$libinit$$0000002C)
    __rt_lib_init_atexit_1                   0x0800020f   Thumb Code     0  libinit2.o(.ARM.Collect$$libinit$$0000001B)
    __rt_lib_init_clock_1                    0x0800020f   Thumb Code     0  libinit2.o(.ARM.Collect$$libinit$$00000021)
    __rt_lib_init_cpp_1                      0x0800020f   Thumb Code     0  libinit2.o(.ARM.Collect$$libinit$$00000032)
    __rt_lib_init_exceptions_1               0x0800020f   Thumb Code     0  libinit2.o(.ARM.Collect$$libinit$$00000030)
    __rt_lib_init_fp_trap_1                  0x0800020f   Thumb Code     0  libinit2.o(.ARM.Collect$$libinit$$0000001F)
    __rt_lib_init_getenv_1                   0x0800020f   Thumb Code     0  libinit2.o(.ARM.Collect$$libinit$$00000023)
    __rt_lib_init_lc_ctype_1                 0x0800020f   Thumb Code     0  libinit2.o(.ARM.Collect$$libinit$$00000013)
    __rt_lib_init_lc_monetary_1              0x0800020f   Thumb Code     0  libinit2.o(.ARM.Collect$$libinit$$00000015)
    __rt_lib_init_lc_numeric_1               0x0800020f   Thumb Code     0  libinit2.o(.ARM.Collect$$libinit$$00000017)
    __rt_lib_init_lc_time_1                  0x0800020f   Thumb Code     0  libinit2.o(.ARM.Collect$$libinit$$00000019)
    __rt_lib_init_return                     0x0800020f   Thumb Code     0  libinit2.o(.ARM.Collect$$libinit$$00000033)
    __rt_lib_init_signal_1                   0x0800020f   Thumb Code     0  libinit2.o(.ARM.Collect$$libinit$$0000001D)
    __rt_lib_init_stdio_1                    0x0800020f   Thumb Code     0  libinit2.o(.ARM.Collect$$libinit$$00000025)
    __rt_lib_shutdown                        0x08000211   Thumb Code     0  libshutdown.o(.ARM.Collect$$libshutdown$$00000000)
    __rt_lib_shutdown_fp_trap_1              0x08000213   Thumb Code     0  libshutdown2.o(.ARM.Collect$$libshutdown$$00000006)
    __rt_lib_shutdown_heap_1                 0x08000213   Thumb Code     0  libshutdown2.o(.ARM.Collect$$libshutdown$$0000000E)
    __rt_lib_shutdown_return                 0x08000213   Thumb Code     0  libshutdown2.o(.ARM.Collect$$libshutdown$$0000000F)
    __rt_lib_shutdown_signal_1               0x08000213   Thumb Code     0  libshutdown2.o(.ARM.Collect$$libshutdown$$00000009)
    __rt_lib_shutdown_stdio_1                0x08000213   Thumb Code     0  libshutdown2.o(.ARM.Collect$$libshutdown$$00000003)
    __rt_lib_shutdown_user_alloc_1           0x08000213   Thumb Code     0  libshutdown2.o(.ARM.Collect$$libshutdown$$0000000B)
    __rt_entry                               0x08000215   Thumb Code     0  __rtentry.o(.ARM.Collect$$rtentry$$00000000)
    __rt_entry_presh_1                       0x08000215   Thumb Code     0  __rtentry2.o(.ARM.Collect$$rtentry$$00000002)
    __rt_entry_sh                            0x08000215   Thumb Code     0  __rtentry4.o(.ARM.Collect$$rtentry$$00000004)
    __rt_entry_li                            0x0800021b   Thumb Code     0  __rtentry2.o(.ARM.Collect$$rtentry$$0000000A)
    __rt_entry_postsh_1                      0x0800021b   Thumb Code     0  __rtentry2.o(.ARM.Collect$$rtentry$$00000009)
    __rt_entry_main                          0x0800021f   Thumb Code     0  __rtentry2.o(.ARM.Collect$$rtentry$$0000000D)
    __rt_entry_postli_1                      0x0800021f   Thumb Code     0  __rtentry2.o(.ARM.Collect$$rtentry$$0000000C)
    __rt_exit                                0x08000227   Thumb Code     0  rtexit.o(.ARM.Collect$$rtexit$$00000000)
    __rt_exit_ls                             0x08000229   Thumb Code     0  rtexit2.o(.ARM.Collect$$rtexit$$00000003)
    __rt_exit_prels_1                        0x08000229   Thumb Code     0  rtexit2.o(.ARM.Collect$$rtexit$$00000002)
    __rt_exit_exit                           0x0800022d   Thumb Code     0  rtexit2.o(.ARM.Collect$$rtexit$$00000004)
    Reset_Handler                            0x08000235   Thumb Code     8  startup_stm32f10x_hd.o(.text)
    ADC1_2_IRQHandler                        0x0800024f   Thumb Code     0  startup_stm32f10x_hd.o(.text)
    ADC3_IRQHandler                          0x0800024f   Thumb Code     0  startup_stm32f10x_hd.o(.text)
    CAN1_RX1_IRQHandler                      0x0800024f   Thumb Code     0  startup_stm32f10x_hd.o(.text)
    CAN1_SCE_IRQHandler                      0x0800024f   Thumb Code     0  startup_stm32f10x_hd.o(.text)
    DMA1_Channel1_IRQHandler                 0x0800024f   Thumb Code     0  startup_stm32f10x_hd.o(.text)
    DMA1_Channel2_IRQHandler                 0x0800024f   Thumb Code     0  startup_stm32f10x_hd.o(.text)
    DMA1_Channel3_IRQHandler                 0x0800024f   Thumb Code     0  startup_stm32f10x_hd.o(.text)
    DMA1_Channel4_IRQHandler                 0x0800024f   Thumb Code     0  startup_stm32f10x_hd.o(.text)
    DMA1_Channel5_IRQHandler                 0x0800024f   Thumb Code     0  startup_stm32f10x_hd.o(.text)
    DMA1_Channel6_IRQHandler                 0x0800024f   Thumb Code     0  startup_stm32f10x_hd.o(.text)
    DMA1_Channel7_IRQHandler                 0x0800024f   Thumb Code     0  startup_stm32f10x_hd.o(.text)
    DMA2_Channel1_IRQHandler                 0x0800024f   Thumb Code     0  startup_stm32f10x_hd.o(.text)
    DMA2_Channel2_IRQHandler                 0x0800024f   Thumb Code     0  startup_stm32f10x_hd.o(.text)
    DMA2_Channel3_IRQHandler                 0x0800024f   Thumb Code     0  startup_stm32f10x_hd.o(.text)
    DMA2_Channel4_5_IRQHandler               0x0800024f   Thumb Code     0  startup_stm32f10x_hd.o(.text)
    EXTI15_10_IRQHandler                     0x0800024f   Thumb Code     0  startup_stm32f10x_hd.o(.text)
    EXTI2_IRQHandler                         0x0800024f   Thumb Code     0  startup_stm32f10x_hd.o(.text)
    EXTI3_IRQHandler                         0x0800024f   Thumb Code     0  startup_stm32f10x_hd.o(.text)
    EXTI4_IRQHandler                         0x0800024f   Thumb Code     0  startup_stm32f10x_hd.o(.text)
    EXTI9_5_IRQHandler                       0x0800024f   Thumb Code     0  startup_stm32f10x_hd.o(.text)
    FLASH_IRQHandler                         0x0800024f   Thumb Code     0  startup_stm32f10x_hd.o(.text)
    FSMC_IRQHandler                          0x0800024f   Thumb Code     0  startup_stm32f10x_hd.o(.text)
    I2C1_ER_IRQHandler                       0x0800024f   Thumb Code     0  startup_stm32f10x_hd.o(.text)
    I2C1_EV_IRQHandler                       0x0800024f   Thumb Code     0  startup_stm32f10x_hd.o(.text)
    I2C2_ER_IRQHandler                       0x0800024f   Thumb Code     0  startup_stm32f10x_hd.o(.text)
    I2C2_EV_IRQHandler                       0x0800024f   Thumb Code     0  startup_stm32f10x_hd.o(.text)
    PVD_IRQHandler                           0x0800024f   Thumb Code     0  startup_stm32f10x_hd.o(.text)
    RCC_IRQHandler                           0x0800024f   Thumb Code     0  startup_stm32f10x_hd.o(.text)
    RTCAlarm_IRQHandler                      0x0800024f   Thumb Code     0  startup_stm32f10x_hd.o(.text)
    RTC_IRQHandler                           0x0800024f   Thumb Code     0  startup_stm32f10x_hd.o(.text)
    SDIO_IRQHandler                          0x0800024f   Thumb Code     0  startup_stm32f10x_hd.o(.text)
    SPI1_IRQHandler                          0x0800024f   Thumb Code     0  startup_stm32f10x_hd.o(.text)
    SPI2_IRQHandler                          0x0800024f   Thumb Code     0  startup_stm32f10x_hd.o(.text)
    SPI3_IRQHandler                          0x0800024f   Thumb Code     0  startup_stm32f10x_hd.o(.text)
    TAMPER_IRQHandler                        0x0800024f   Thumb Code     0  startup_stm32f10x_hd.o(.text)
    TIM1_BRK_IRQHandler                      0x0800024f   Thumb Code     0  startup_stm32f10x_hd.o(.text)
    TIM1_CC_IRQHandler                       0x0800024f   Thumb Code     0  startup_stm32f10x_hd.o(.text)
    TIM1_TRG_COM_IRQHandler                  0x0800024f   Thumb Code     0  startup_stm32f10x_hd.o(.text)
    TIM1_UP_IRQHandler                       0x0800024f   Thumb Code     0  startup_stm32f10x_hd.o(.text)
    TIM2_IRQHandler                          0x0800024f   Thumb Code     0  startup_stm32f10x_hd.o(.text)
    TIM3_IRQHandler                          0x0800024f   Thumb Code     0  startup_stm32f10x_hd.o(.text)
    TIM4_IRQHandler                          0x0800024f   Thumb Code     0  startup_stm32f10x_hd.o(.text)
    TIM5_IRQHandler                          0x0800024f   Thumb Code     0  startup_stm32f10x_hd.o(.text)
    TIM6_IRQHandler                          0x0800024f   Thumb Code     0  startup_stm32f10x_hd.o(.text)
    TIM7_IRQHandler                          0x0800024f   Thumb Code     0  startup_stm32f10x_hd.o(.text)
    TIM8_BRK_IRQHandler                      0x0800024f   Thumb Code     0  startup_stm32f10x_hd.o(.text)
    TIM8_CC_IRQHandler                       0x0800024f   Thumb Code     0  startup_stm32f10x_hd.o(.text)
    TIM8_TRG_COM_IRQHandler                  0x0800024f   Thumb Code     0  startup_stm32f10x_hd.o(.text)
    TIM8_UP_IRQHandler                       0x0800024f   Thumb Code     0  startup_stm32f10x_hd.o(.text)
    UART4_IRQHandler                         0x0800024f   Thumb Code     0  startup_stm32f10x_hd.o(.text)
    UART5_IRQHandler                         0x0800024f   Thumb Code     0  startup_stm32f10x_hd.o(.text)
    USART2_IRQHandler                        0x0800024f   Thumb Code     0  startup_stm32f10x_hd.o(.text)
    USART3_IRQHandler                        0x0800024f   Thumb Code     0  startup_stm32f10x_hd.o(.text)
    USBWakeUp_IRQHandler                     0x0800024f   Thumb Code     0  startup_stm32f10x_hd.o(.text)
    USB_HP_CAN1_TX_IRQHandler                0x0800024f   Thumb Code     0  startup_stm32f10x_hd.o(.text)
    USB_LP_CAN1_RX0_IRQHandler               0x0800024f   Thumb Code     0  startup_stm32f10x_hd.o(.text)
    WWDG_IRQHandler                          0x0800024f   Thumb Code     0  startup_stm32f10x_hd.o(.text)
    __user_initial_stackheap                 0x08000251   Thumb Code     0  startup_stm32f10x_hd.o(.text)
    __2sprintf                               0x08000275   Thumb Code    34  noretval__2sprintf.o(.text)
    __printf                                 0x0800029d   Thumb Code   104  __printf.o(.text)
    _printf_str                              0x08000305   Thumb Code    82  _printf_str.o(.text)
    _printf_int_dec                          0x08000359   Thumb Code   104  _printf_dec.o(.text)
    _printf_int_hex                          0x080003d1   Thumb Code    84  _printf_hex_int.o(.text)
    _printf_longlong_hex                     0x080003d1   Thumb Code     0  _printf_hex_int.o(.text)
    atoi                                     0x08000429   Thumb Code    26  atoi.o(.text)
    __use_two_region_memory                  0x08000443   Thumb Code     2  heapauxi.o(.text)
    __rt_heap_escrow$2region                 0x08000445   Thumb Code     2  heapauxi.o(.text)
    __rt_heap_expand$2region                 0x08000447   Thumb Code     2  heapauxi.o(.text)
    __aeabi_errno_addr                       0x08000449   Thumb Code     8  rt_errno_addr_intlibspace.o(.text)
    __errno$intlibspace                      0x08000449   Thumb Code     0  rt_errno_addr_intlibspace.o(.text)
    __rt_errno_addr$intlibspace              0x08000449   Thumb Code     0  rt_errno_addr_intlibspace.o(.text)
    _printf_int_common                       0x08000451   Thumb Code   178  _printf_intcommon.o(.text)
    _printf_char_common                      0x0800050f   Thumb Code    32  _printf_char_common.o(.text)
    _sputc                                   0x08000535   Thumb Code    10  _sputc.o(.text)
    _printf_cs_common                        0x0800053f   Thumb Code    20  _printf_char.o(.text)
    _printf_char                             0x08000553   Thumb Code    16  _printf_char.o(.text)
    _printf_string                           0x08000563   Thumb Code     8  _printf_char.o(.text)
    strtol                                   0x0800056b   Thumb Code   112  strtol.o(.text)
    __user_libspace                          0x080005dd   Thumb Code     8  libspace.o(.text)
    __user_perproc_libspace                  0x080005dd   Thumb Code     0  libspace.o(.text)
    __user_perthread_libspace                0x080005dd   Thumb Code     0  libspace.o(.text)
    __rt_ctype_table                         0x080005e5   Thumb Code    16  rt_ctype_table.o(.text)
    _strtoul                                 0x080005f5   Thumb Code   158  _strtoul.o(.text)
    __user_setup_stackheap                   0x08000693   Thumb Code    74  sys_stackheap_outer.o(.text)
    __rt_locale                              0x080006dd   Thumb Code     8  rt_locale_intlibspace.o(.text)
    _chval                                   0x080006e5   Thumb Code    28  _chval.o(.text)
    exit                                     0x08000701   Thumb Code    12  exit.o(.text)
    strcmp                                   0x0800070d   Thumb Code   128  strcmpv7m.o(.text)
    _sys_exit                                0x0800078d   Thumb Code     8  sys_exit.o(.text)
    __I$use$semihosting                      0x08000799   Thumb Code     0  use_no_semi.o(.text)
    __use_no_semihosting_swi                 0x08000799   Thumb Code     2  use_no_semi.o(.text)
    ADC_Cmd                                  0x0800079b   Thumb Code    22  stm32f10x_adc.o(i.ADC_Cmd)
    __semihosting_library_function           0x0800079b   Thumb Code     0  indicate_semi.o(.text)
    ADC_DeInit                               0x080007b1   Thumb Code    78  stm32f10x_adc.o(i.ADC_DeInit)
    ADC_GetCalibrationStatus                 0x0800080d   Thumb Code    20  stm32f10x_adc.o(i.ADC_GetCalibrationStatus)
    ADC_GetConversionValue                   0x08000821   Thumb Code     8  stm32f10x_adc.o(i.ADC_GetConversionValue)
    ADC_GetFlagStatus                        0x08000829   Thumb Code    18  stm32f10x_adc.o(i.ADC_GetFlagStatus)
    ADC_GetResetCalibrationStatus            0x0800083b   Thumb Code    20  stm32f10x_adc.o(i.ADC_GetResetCalibrationStatus)
    ADC_Init                                 0x08000851   Thumb Code    70  stm32f10x_adc.o(i.ADC_Init)
    ADC_RegularChannelConfig                 0x080008a1   Thumb Code   184  stm32f10x_adc.o(i.ADC_RegularChannelConfig)
    ADC_ResetCalibration                     0x08000959   Thumb Code    10  stm32f10x_adc.o(i.ADC_ResetCalibration)
    ADC_SoftwareStartConvCmd                 0x08000963   Thumb Code    22  stm32f10x_adc.o(i.ADC_SoftwareStartConvCmd)
    ADC_StartCalibration                     0x08000979   Thumb Code    10  stm32f10x_adc.o(i.ADC_StartCalibration)
    BatteryCheck                             0x08000985   Thumb Code    96  mmi.o(i.BatteryCheck)
    BusFault_Handler                         0x080009f5   Thumb Code     4  stm32f10x_it.o(i.BusFault_Handler)
    CBUS_5E_handler                          0x080009f9   Thumb Code    92  mmi_dmr.o(i.CBUS_5E_handler)
    CBUS_B4_handler                          0x08000a61   Thumb Code    94  mmi_dmr.o(i.CBUS_B4_handler)
    CBUS_Init                                0x08000acd   Thumb Code   234  stm32f10x_sdr.o(i.CBUS_Init)
    CBUS_Read16                              0x08000bc1   Thumb Code    80  stm32f10x_sdr.o(i.CBUS_Read16)
    CBUS_Read8                               0x08000c11   Thumb Code    64  stm32f10x_sdr.o(i.CBUS_Read8)
    CBUS_SendByte                            0x08000c51   Thumb Code   106  stm32f10x_sdr.o(i.CBUS_SendByte)
    CBUS_SetCSNHigh                          0x08000cc5   Thumb Code    56  stm32f10x_sdr.o(i.CBUS_SetCSNHigh)
    CBUS_SetCSNLow                           0x08000d01   Thumb Code    56  stm32f10x_sdr.o(i.CBUS_SetCSNLow)
    CBUS_TIMEOUT_UserCallback                0x08000d3d   Thumb Code     4  stm32f10x_sdr.o(i.CBUS_TIMEOUT_UserCallback)
    CBUS_WaitBitClr8                         0x08000d41   Thumb Code    56  stm32f10x_sdr.o(i.CBUS_WaitBitClr8)
    CBUS_WaitBitSet16                        0x08000d7d   Thumb Code    60  stm32f10x_sdr.o(i.CBUS_WaitBitSet16)
    CBUS_Write16                             0x08000dbd   Thumb Code    66  stm32f10x_sdr.o(i.CBUS_Write16)
    CBUS_Write8                              0x08000dff   Thumb Code    58  stm32f10x_sdr.o(i.CBUS_Write8)
    CMX7161_CMX994_DcOffset                  0x08000e39   Thumb Code    20  cmx7161.o(i.CMX7161_CMX994_DcOffset)
    CMX7161_CMX994_Gain                      0x08000e51   Thumb Code    12  cmx7161.o(i.CMX7161_CMX994_Gain)
    CMX7161_Cbus_5E                          0x08000e5d   Thumb Code    32  cmx7161.o(i.CMX7161_Cbus_5E)
    CMX7161_Cbus_B4                          0x08000e81   Thumb Code    32  cmx7161.o(i.CMX7161_Cbus_B4)
    CMX7161_DisableIRQ                       0x08000ea5   Thumb Code    34  cmx7161.o(i.CMX7161_DisableIRQ)
    CMX7161_EnableAuxDAC                     0x08000ec7   Thumb Code    58  cmx7161.o(i.CMX7161_EnableAuxDAC)
    CMX7161_EnableIRQ                        0x08000f01   Thumb Code    28  cmx7161.o(i.CMX7161_EnableIRQ)
    CMX7161_FlushStatusReg                   0x08000f1d   Thumb Code    32  cmx7161.o(i.CMX7161_FlushStatusReg)
    CMX7161_FreqControl                      0x08000f3d   Thumb Code    36  cmx7161.o(i.CMX7161_FreqControl)
    CMX7161_IRQ                              0x08000f65   Thumb Code    40  cmx7161.o(i.CMX7161_IRQ)
    CMX7161_Init                             0x08000f8d   Thumb Code   170  cmx7161.o(i.CMX7161_Init)
    CMX7161_ModemControl                     0x08001041   Thumb Code    48  cmx7161.o(i.CMX7161_ModemControl)
    CMX7161_ModemOptions                     0x08001071   Thumb Code    18  cmx7161.o(i.CMX7161_ModemOptions)
    CMX7161_PA_High                          0x08001085   Thumb Code    32  cmx7161.o(i.CMX7161_PA_High)
    CMX7161_PA_Low                           0x080010a9   Thumb Code    32  cmx7161.o(i.CMX7161_PA_Low)
    CMX7161_PA_Off                           0x080010cd   Thumb Code    32  cmx7161.o(i.CMX7161_PA_Off)
    CMX7161_PeripheralConfig                 0x080010f1   Thumb Code    76  cmx7161.o(i.CMX7161_PeripheralConfig)
    CMX7161_ProgramTxRamp                    0x0800113d   Thumb Code   250  cmx7161.o(i.CMX7161_ProgramTxRamp)
    CMX7161_ReadRSSI                         0x0800123d   Thumb Code    26  cmx7161.o(i.CMX7161_ReadRSSI)
    CMX7161_ReadStatusReg                    0x08001259   Thumb Code    74  cmx7161.o(i.CMX7161_ReadStatusReg)
    CMX7161_RxData                           0x080012a9   Thumb Code   222  cmx7161.o(i.CMX7161_RxData)
    CMX7161_RxFIFOSetup                      0x08001387   Thumb Code    64  cmx7161.o(i.CMX7161_RxFIFOSetup)
    CMX7161_TxData                           0x080013c7   Thumb Code   150  cmx7161.o(i.CMX7161_TxData)
    CMX7262_AnalogBlocks                     0x0800145d   Thumb Code    42  cmx7262.o(i.CMX7262_AnalogBlocks)
    CMX7262_AudioInputGain                   0x08001487   Thumb Code    38  cmx7262.o(i.CMX7262_AudioInputGain)
    CMX7262_AudioOutputGain                  0x080014ad   Thumb Code    18  cmx7262.o(i.CMX7262_AudioOutputGain)
    CMX7262_AudioPA                          0x080014c1   Thumb Code    28  cmx7262.o(i.CMX7262_AudioPA)
    CMX7262_Config                           0x080014e1   Thumb Code    62  cmx7262.o(i.CMX7262_Config)
    CMX7262_ConfigClocks                     0x0800151f   Thumb Code   226  cmx7262.o(i.CMX7262_ConfigClocks)
    CMX7262_Decode                           0x08001601   Thumb Code    56  cmx7262.o(i.CMX7262_Decode)
    CMX7262_EnableIRQ                        0x08001639   Thumb Code    28  cmx7262.o(i.CMX7262_EnableIRQ)
    CMX7262_Encode                           0x08001655   Thumb Code    48  cmx7262.o(i.CMX7262_Encode)
    CMX7262_FlushStatusReg                   0x08001685   Thumb Code    32  cmx7262.o(i.CMX7262_FlushStatusReg)
    CMX7262_IRQ                              0x080016a5   Thumb Code   196  cmx7262.o(i.CMX7262_IRQ)
    CMX7262_Idle                             0x08001769   Thumb Code    78  cmx7262.o(i.CMX7262_Idle)
    CMX7262_Init                             0x080017b9   Thumb Code   130  cmx7262.o(i.CMX7262_Init)
    CMX7262_InitHardware                     0x08001849   Thumb Code    58  cmx7262.o(i.CMX7262_InitHardware)
    CMX7262_MMI_AudioGain                    0x08001885   Thumb Code    28  cmx7262.o(i.CMX7262_MMI_AudioGain)
    CMX7262_Routing                          0x080018a5   Thumb Code    18  cmx7262.o(i.CMX7262_Routing)
    CMX7262_RxFIFO                           0x080018b7   Thumb Code    20  cmx7262.o(i.CMX7262_RxFIFO)
    CMX7262_Transcode                        0x080018cd   Thumb Code    96  cmx7262.o(i.CMX7262_Transcode)
    CMX7262_TxFIFO                           0x08001931   Thumb Code    20  cmx7262.o(i.CMX7262_TxFIFO)
    CMX994_DC_Offset_handler                 0x08001945   Thumb Code    90  mmi_dmr.o(i.CMX994_DC_Offset_handler)
    CMX994_Gain_handler                      0x080019ad   Thumb Code    98  mmi_dmr.o(i.CMX994_Gain_handler)
    ChannelDown                              0x08001a1d   Thumb Code    18  mmi.o(i.ChannelDown)
    ChannelUp                                0x08001a35   Thumb Code    18  mmi.o(i.ChannelUp)
    CheckRadioMessages                       0x08001a4d   Thumb Code   132  mmi_dmr.o(i.CheckRadioMessages)
    ClearCounter                             0x08001add   Thumb Code    22  stm32f10x_sdr.o(i.ClearCounter)
    DMR_CheckSync                            0x08001af9   Thumb Code    34  maindmr.o(i.DMR_CheckSync)
    DMR_ErrorCheck                           0x08001b1d   Thumb Code    40  maindmr.o(i.DMR_ErrorCheck)
    DMR_Init                                 0x08001b4d   Thumb Code    48  maindmr.o(i.DMR_Init)
    DMR_MMI_DataOff_Handler                  0x08001b9d   Thumb Code     8  maindmr.o(i.DMR_MMI_DataOff_Handler)
    DMR_MMI_DataOn_Handler                   0x08001ba9   Thumb Code     8  maindmr.o(i.DMR_MMI_DataOn_Handler)
    DMR_MMI_Idle_Handler                     0x08001bb5   Thumb Code   198  maindmr.o(i.DMR_MMI_Idle_Handler)
    DMR_MMI_PTTKey_Handler                   0x08001c85   Thumb Code   308  maindmr.o(i.DMR_MMI_PTTKey_Handler)
    DMR_MMI_StarKey_Handler                  0x08001dc1   Thumb Code   138  maindmr.o(i.DMR_MMI_StarKey_Handler)
    DMR_MMI_Volume                           0x08001e51   Thumb Code    18  maindmr.o(i.DMR_MMI_Volume)
    DMR_PendSV                               0x08001e69   Thumb Code     4  maindmr.o(i.DMR_PendSV)
    DMR_SysTick                              0x08001e6d   Thumb Code  1174  maindmr.o(i.DMR_SysTick)
    DMR_WriteFlash                           0x08002325   Thumb Code   214  maindmr.o(i.DMR_WriteFlash)
    DebugMon_Handler                         0x080023fb   Thumb Code     2  stm32f10x_it.o(i.DebugMon_Handler)
    EXTI0_IRQHandler                         0x080023fd   Thumb Code    18  stm32f10x_it.o(i.EXTI0_IRQHandler)
    EXTI1_IRQHandler                         0x08002415   Thumb Code    18  stm32f10x_it.o(i.EXTI1_IRQHandler)
    EXTI_ClearITPendingBit                   0x0800242d   Thumb Code     6  stm32f10x_exti.o(i.EXTI_ClearITPendingBit)
    EXTI_Init                                0x08002439   Thumb Code   142  stm32f10x_exti.o(i.EXTI_Init)
    FLASH_ClearFlag                          0x080024cd   Thumb Code     6  stm32f10x_flash.o(i.FLASH_ClearFlag)
    FLASH_ErasePage                          0x080024d9   Thumb Code    72  stm32f10x_flash.o(i.FLASH_ErasePage)
    FLASH_GetBank1Status                     0x08002525   Thumb Code    48  stm32f10x_flash.o(i.FLASH_GetBank1Status)
    FLASH_Lock                               0x08002559   Thumb Code    14  stm32f10x_flash.o(i.FLASH_Lock)
    FLASH_ProgramWord                        0x0800256d   Thumb Code   102  stm32f10x_flash.o(i.FLASH_ProgramWord)
    FLASH_Unlock                             0x080025d9   Thumb Code    12  stm32f10x_flash.o(i.FLASH_Unlock)
    FLASH_WaitForLastOperation               0x080025f1   Thumb Code    38  stm32f10x_flash.o(i.FLASH_WaitForLastOperation)
    FT232_USART_Init                         0x08002619   Thumb Code   116  stm32f10x_sdr.o(i.FT232_USART_Init)
    GPIO_EXTILineConfig                      0x0800269d   Thumb Code    60  stm32f10x_gpio.o(i.GPIO_EXTILineConfig)
    GPIO_Init                                0x080026dd   Thumb Code   278  stm32f10x_gpio.o(i.GPIO_Init)
    GPIO_PinRemapConfig                      0x080027f5   Thumb Code   138  stm32f10x_gpio.o(i.GPIO_PinRemapConfig)
    GPIO_ReadInputData                       0x08002885   Thumb Code     8  stm32f10x_gpio.o(i.GPIO_ReadInputData)
    GPIO_ResetBits                           0x0800288d   Thumb Code     4  stm32f10x_gpio.o(i.GPIO_ResetBits)
    GPIO_SetBits                             0x08002891   Thumb Code     4  stm32f10x_gpio.o(i.GPIO_SetBits)
    GPIO_ToggleBits                          0x08002895   Thumb Code     8  stm32f10x_sdr.o(i.GPIO_ToggleBits)
    GPIO_Write                               0x0800289d   Thumb Code     4  stm32f10x_gpio.o(i.GPIO_Write)
    HardFault_Handler                        0x080028a1   Thumb Code     4  stm32f10x_it.o(i.HardFault_Handler)
    IRQ_CBUSInit                             0x080028a5   Thumb Code   120  stm32f10x_it.o(i.IRQ_CBUSInit)
    IRQ_SystemInit                           0x08002939   Thumb Code   110  stm32f10x_it.o(i.IRQ_SystemInit)
    KeyToChar                                0x080029b1   Thumb Code   102  mmi.o(i.KeyToChar)
    Keypad                                   0x08002a19   Thumb Code   208  mmi.o(i.Keypad)
    LCDInit                                  0x08002b01   Thumb Code   124  mmi.o(i.LCDInit)
    LCDReadBusy                              0x08002b7d   Thumb Code   104  mmi.o(i.LCDReadBusy)
    LCDWriteByte                             0x08002bf1   Thumb Code    62  mmi.o(i.LCDWriteByte)
    LCDWriteData                             0x08002c39   Thumb Code    46  mmi.o(i.LCDWriteData)
    LCDWriteInstruction                      0x08002c75   Thumb Code    46  mmi.o(i.LCDWriteInstruction)
    MMI_Init                                 0x08002cb1   Thumb Code   346  mmi.o(i.MMI_Init)
    MMI_Main                                 0x08002e29   Thumb Code    50  mmi.o(i.MMI_Main)
    MemManage_Handler                        0x08002e69   Thumb Code     4  stm32f10x_it.o(i.MemManage_Handler)
    MicInputGain_handler                     0x08002e6d   Thumb Code    90  mmi_dmr.o(i.MicInputGain_handler)
    NMI_Handler                              0x08002ed5   Thumb Code     2  stm32f10x_it.o(i.NMI_Handler)
    NVIC_Init                                0x08002ed9   Thumb Code   100  misc.o(i.NVIC_Init)
    NVIC_PriorityGroupConfig                 0x08002f49   Thumb Code    10  misc.o(i.NVIC_PriorityGroupConfig)
    PRBS_CheckPattern                        0x08002f5d   Thumb Code   100  maindmr.o(i.PRBS_CheckPattern)
    PRBS_CopyPattern                         0x08002fc9   Thumb Code    52  maindmr.o(i.PRBS_CopyPattern)
    PRBS_ReadBitErrorCount                   0x08003005   Thumb Code     8  maindmr.o(i.PRBS_ReadBitErrorCount)
    PRBS_ReadFrameCount                      0x08003011   Thumb Code    28  maindmr.o(i.PRBS_ReadFrameCount)
    PendSV_Handler                           0x08003035   Thumb Code     8  stm32f10x_it.o(i.PendSV_Handler)
    PendSV_Priority                          0x0800303d   Thumb Code     6  stm32f10x_it.o(i.PendSV_Priority)
    PortE_Init                               0x08003049   Thumb Code    38  stm32f10x_sdr.o(i.PortE_Init)
    ProcessKeys                              0x08003075   Thumb Code  1154  mmi_dmr.o(i.ProcessKeys)
    RCC_ADCCLKConfig                         0x08003509   Thumb Code    18  stm32f10x_rcc.o(i.RCC_ADCCLKConfig)
    RCC_APB1PeriphClockCmd                   0x08003521   Thumb Code    26  stm32f10x_rcc.o(i.RCC_APB1PeriphClockCmd)
    RCC_APB1PeriphResetCmd                   0x08003541   Thumb Code    26  stm32f10x_rcc.o(i.RCC_APB1PeriphResetCmd)
    RCC_APB2PeriphClockCmd                   0x08003561   Thumb Code    26  stm32f10x_rcc.o(i.RCC_APB2PeriphClockCmd)
    RCC_APB2PeriphResetCmd                   0x08003581   Thumb Code    26  stm32f10x_rcc.o(i.RCC_APB2PeriphResetCmd)
    RCC_GetClocksFreq                        0x080035a1   Thumb Code   192  stm32f10x_rcc.o(i.RCC_GetClocksFreq)
    Radio_CMX994Config                       0x08003675   Thumb Code   350  radio.o(i.Radio_CMX994Config)
    Radio_SkyWorks                           0x080037d3   Thumb Code   102  radio.o(i.Radio_SkyWorks)
    ReadCounter                              0x08003839   Thumb Code    26  stm32f10x_sdr.o(i.ReadCounter)
    ReadPTT                                  0x08003859   Thumb Code    56  mmi.o(i.ReadPTT)
    ReadRSSI                                 0x08003895   Thumb Code    60  mmi_dmr.o(i.ReadRSSI)
    SDR_Dummy_IRQ                            0x080038e1   Thumb Code     2  stm32f10x_sdr.o(i.SDR_Dummy_IRQ)
    SDR_Init                                 0x080038e5   Thumb Code    52  stm32f10x_sdr.o(i.SDR_Init)
    SDR_Load_FI                              0x08003925   Thumb Code   626  stm32f10x_sdr.o(i.SDR_Load_FI)
    SPI_Cmd                                  0x08003ba5   Thumb Code    24  stm32f10x_spi.o(i.SPI_Cmd)
    SPI_I2S_DeInit                           0x08003bbd   Thumb Code    76  stm32f10x_spi.o(i.SPI_I2S_DeInit)
    SPI_I2S_GetFlagStatus                    0x08003c15   Thumb Code    18  stm32f10x_spi.o(i.SPI_I2S_GetFlagStatus)
    SPI_I2S_ReceiveData                      0x08003c27   Thumb Code     6  stm32f10x_spi.o(i.SPI_I2S_ReceiveData)
    SPI_I2S_SendData                         0x08003c2d   Thumb Code     4  stm32f10x_spi.o(i.SPI_I2S_SendData)
    SPI_Init                                 0x08003c31   Thumb Code    60  stm32f10x_spi.o(i.SPI_Init)
    SVC_Handler                              0x08003c6d   Thumb Code     2  stm32f10x_it.o(i.SVC_Handler)
    Save_Handler                             0x08003c71   Thumb Code    58  mmi_dmr.o(i.Save_Handler)
    SetChannel                               0x08003cb9   Thumb Code    68  mmi.o(i.SetChannel)
    SetVol                                   0x08003ded   Thumb Code    62  mmi_dmr.o(i.SetVol)
    SysTick_Handler                          0x08003e39   Thumb Code     8  stm32f10x_it.o(i.SysTick_Handler)
    SysTick_Priority                         0x08003e41   Thumb Code     6  stm32f10x_it.o(i.SysTick_Priority)
    SystemCoreClockUpdate                    0x08003e4d   Thumb Code   142  system_stm32f10x_1.o(i.SystemCoreClockUpdate)
    SystemInit                               0x08003ef1   Thumb Code    78  system_stm32f10x_1.o(i.SystemInit)
    TIM1_Init_MMI                            0x08003f51   Thumb Code   158  mmi.o(i.TIM1_Init_MMI)
    TIM2_Init                                0x08004001   Thumb Code    96  stm32f10x_sdr.o(i.TIM2_Init)
    TIM3_Init                                0x08004069   Thumb Code    70  stm32f10x_sdr.o(i.TIM3_Init)
    TIM4_Init                                0x080040b5   Thumb Code    76  stm32f10x_sdr.o(i.TIM4_Init)
    TIM5_Init                                0x0800410d   Thumb Code    76  stm32f10x_sdr.o(i.TIM5_Init)
    TIM_ARRPreloadConfig                     0x08004165   Thumb Code    24  stm32f10x_tim.o(i.TIM_ARRPreloadConfig)
    TIM_Cmd                                  0x0800417d   Thumb Code    24  stm32f10x_tim.o(i.TIM_Cmd)
    TIM_CtrlPWMOutputs                       0x08004195   Thumb Code    30  stm32f10x_tim.o(i.TIM_CtrlPWMOutputs)
    TIM_GetCounter                           0x080041b3   Thumb Code     6  stm32f10x_tim.o(i.TIM_GetCounter)
    TIM_ITRxExternalClockConfig              0x080041b9   Thumb Code    24  stm32f10x_tim.o(i.TIM_ITRxExternalClockConfig)
    TIM_OC1Init                              0x080041d1   Thumb Code   132  stm32f10x_tim.o(i.TIM_OC1Init)
    TIM_OC1PreloadConfig                     0x08004269   Thumb Code    18  stm32f10x_tim.o(i.TIM_OC1PreloadConfig)
    TIM_SelectInputTrigger                   0x0800427b   Thumb Code    18  stm32f10x_tim.o(i.TIM_SelectInputTrigger)
    TIM_SelectOutputTrigger                  0x0800428d   Thumb Code    18  stm32f10x_tim.o(i.TIM_SelectOutputTrigger)
    TIM_SetCounter                           0x0800429f   Thumb Code     4  stm32f10x_tim.o(i.TIM_SetCounter)
    TIM_TimeBaseInit                         0x080042a5   Thumb Code   122  stm32f10x_tim.o(i.TIM_TimeBaseInit)
    TIM_UpdateDisableConfig                  0x08004349   Thumb Code    24  stm32f10x_tim.o(i.TIM_UpdateDisableConfig)
    USART1_IRQHandler                        0x08004361   Thumb Code     2  stm32f10x_it.o(i.USART1_IRQHandler)
    USART_Cmd                                0x08004363   Thumb Code    24  stm32f10x_usart.o(i.USART_Cmd)
    USART_DeInit                             0x0800437d   Thumb Code   134  stm32f10x_usart.o(i.USART_DeInit)
    USART_Init                               0x08004419   Thumb Code   210  stm32f10x_usart.o(i.USART_Init)
    UpdateDisplay                            0x080044f1   Thumb Code   116  mmi.o(i.UpdateDisplay)
    UpdateStrings                            0x08004571   Thumb Code   592  mmi_dmr.o(i.UpdateStrings)
    UsageFault_Handler                       0x080048c1   Thumb Code     4  stm32f10x_it.o(i.UsageFault_Handler)
    VolumeDown                               0x080048c5   Thumb Code    18  mmi.o(i.VolumeDown)
    VolumeUp                                 0x080048dd   Thumb Code    18  mmi.o(i.VolumeUp)
    dummy                                    0x080048f5   Thumb Code     2  mmi_dmr.o(i.dummy)
    freq_control_handler                     0x080048f9   Thumb Code    94  mmi_dmr.o(i.freq_control_handler)
    main                                     0x08004965   Thumb Code   178  maindmr.o(i.main)
    pa_handler                               0x08004a35   Thumb Code    64  mmi_dmr.o(i.pa_handler)
    rx_mode_handler                          0x08004a7d   Thumb Code    84  mmi_dmr.o(i.rx_mode_handler)
    tx_pattern_handler                       0x08004ad9   Thumb Code   102  mmi_dmr.o(i.tx_pattern_handler)
    _get_lc_ctype                            0x08004b49   Thumb Code    44  lc_ctype_c.o(locale$$code)
    aTxRamp                                  0x08004b74   Data         128  cmx7161.o(.constdata)
    uVolumeTable                             0x08004bf4   Data          42  mmi_dmr.o(.constdata)
    CBUS_IRQ_PIN                             0x08004c20   Data           6  stm32f10x_it.o(.constdata)
    CBUS_IRQ_CLK                             0x08004c28   Data          12  stm32f10x_it.o(.constdata)
    CBUS_IRQ_EXTI_LINE                       0x08004c34   Data           6  stm32f10x_it.o(.constdata)
    CBUS_IRQ_PORT_SOURCE                     0x08004c3a   Data           3  stm32f10x_it.o(.constdata)
    CBUS_IRQ_PIN_SOURCE                      0x08004c3d   Data           3  stm32f10x_it.o(.constdata)
    CBUS_IRQn                                0x08004c40   Data           3  stm32f10x_it.o(.constdata)
    Region$$Table$$Base                      0x08004c6c   Number         0  anon$$obj.o(Region$$Table)
    Region$$Table$$Limit                     0x08004c8c   Number         0  anon$$obj.o(Region$$Table)
    __ctype                                  0x08004c99   Data           0  lc_ctype_c.o(locale$$data)
    aPRBS                                    0x20000000   Data         511  maindmr.o(.data)
    uAudioTestFrameCount                     0x20000200   Data           2  maindmr.o(.data)
    pTestSample                              0x20000204   Data           4  maindmr.o(.data)
    uPRBSByteCount                           0x20000208   Data           2  maindmr.o(.data)
    uPRBSBitErrorCount                       0x2000020a   Data           2  maindmr.o(.data)
    uPRBSFrameCount                          0x2000020c   Data           2  maindmr.o(.data)
    uPRBSOldBitErrorCount                    0x2000020e   Data           2  maindmr.o(.data)
    uPRBSOldFrameCount                       0x20000210   Data           2  maindmr.o(.data)
    VOICE_SYNC                               0x20000212   Data           6  maindmr.o(.data)
    aSync                                    0x20000218   Data           6  maindmr.o(.data)
    cmx7161FI                                0x20000238   Data           4  cmx7161.o(.data)
    cmx7262FI                                0x2000023c   Data           4  cmx7262.o(.data)
    Type2State                               0x20000240   Data           1  mmi_dmr.o(.data)
    RSSI                                     0x20000241   Data           5  mmi_dmr.o(.data)
    ERRCNT                                   0x20000246   Data           5  mmi_dmr.o(.data)
    FRMCNT                                   0x2000024b   Data           5  mmi_dmr.o(.data)
    Channels                                 0x20000250   Data          48  mmi_dmr.o(.data)
    varTxPattern                             0x20000280   Data           4  mmi_dmr.o(.data)
    varPa                                    0x20000284   Data           4  mmi_dmr.o(.data)
    varRxMode                                0x20000288   Data           4  mmi_dmr.o(.data)
    varReadDcOffsetI                         0x2000028c   Data           4  mmi_dmr.o(.data)
    varReadDcOffsetQ                         0x20000290   Data           4  mmi_dmr.o(.data)
    varReadAgc                               0x20000294   Data           4  mmi_dmr.o(.data)
    varAudioTest                             0x20000298   Data           4  mmi_dmr.o(.data)
    varRxSlotTest                            0x2000029c   Data           4  mmi_dmr.o(.data)
    varSavedStatus                           0x200002a0   Data           4  mmi_dmr.o(.data)
    varDummy                                 0x200002a4   Data           4  mmi_dmr.o(.data)
    SetupArray                               0x200002a8   Data        1820  mmi_dmr.o(.data)
    tempchar                                 0x200009c4   Data           1  mmi_dmr.o(.data)
    Type2TempIdx                             0x200009c8   Data           4  mmi_dmr.o(.data)
    Type2FirstTime                           0x200009cc   Data           4  mmi_dmr.o(.data)
    CBUS_IRQ_PORT                            0x200009dc   Data          12  stm32f10x_it.o(.data)
    FT232_USARTTimeout                       0x200009ec   Data           4  stm32f10x_sdr.o(.data)
    CBUSTimeout                              0x200009f0   Data           4  stm32f10x_sdr.o(.data)
    MMI_SavedMode                            0x200009f4   Data           1  mmi.o(.data)
    MMI_Mode                                 0x200009f5   Data           1  mmi.o(.data)
    MMI_State                                0x200009f6   Data           1  mmi.o(.data)
    DisplayTop                               0x200009f7   Data          17  mmi.o(.data)
    DisplayBottom                            0x20000a08   Data          17  mmi.o(.data)
    DisplayChanged                           0x20000a19   Data           1  mmi.o(.data)
    CurrentChannel                           0x20000a1c   Data           4  mmi.o(.data)
    CurrentVol                               0x20000a20   Data           4  mmi.o(.data)
    CurrentSetupItem                         0x20000a24   Data           4  mmi.o(.data)
    LCD_Word                                 0x20000a28   Data           4  mmi.o(.data)
    backlight                                0x20000a2c   Data           4  mmi.o(.data)
    backlight_timer                          0x20000a30   Data           4  mmi.o(.data)
    BatteryVoltage                           0x20000a34   Data           5  mmi.o(.data)
    temp                                     0x20000a3c   Data           4  mmi.o(.data)
    SystemCoreClock                          0x20000a4c   Data           4  system_stm32f10x_1.o(.data)
    AHBPrescTable                            0x20000a50   Data          16  system_stm32f10x_1.o(.data)
    aTestSamples                             0x20000a60   Data        1404  maindmr.o(.bss)
    aPayLoad                                 0x20000fdc   Data          27  maindmr.o(.bss)
    dmr                                      0x20000ff8   Data         192  maindmr.o(.bss)
    Type2Temp                                0x200010b8   Data          17  mmi_dmr.o(.bss)
    CBUS_IRQTable                            0x200010cc   Data          36  stm32f10x_sdr.o(.bss)
    __libspace_start                         0x200010f0   Data          96  libspace.o(.bss)
    __temporary_stack_top$libspace           0x20001150   Data           0  libspace.o(.bss)



==============================================================================

Memory Map of the image

  Image Entry point : 0x08000131

  Load Region LR_IROM1 (Base: 0x08000000, Size: 0x000057fc, Max: 0x00040000, ABSOLUTE, COMPRESSED[0x00005194])

    Execution Region ER_IROM1 (Base: 0x08000000, Size: 0x00004d9c, Max: 0x00040000, ABSOLUTE)

    Base Addr    Size         Type   Attr      Idx    E Section Name        Object

    0x08000000   0x00000130   Data   RO         4657    RESET               startup_stm32f10x_hd.o
    0x08000130   0x00000008   Code   RO         4769  * !!!main             c_w.l(__main.o)
    0x08000138   0x00000034   Code   RO         4961    !!!scatter          c_w.l(__scatter.o)
    0x0800016c   0x0000005a   Code   RO         4959    !!dczerorl2         c_w.l(__dczerorl2.o)
    0x080001c6   0x00000002   PAD
    0x080001c8   0x0000001c   Code   RO         4963    !!handler_zi        c_w.l(__scatter_zi.o)
    0x080001e4   0x00000000   Code   RO         4764    .ARM.Collect$$_printf_percent$$00000000  c_w.l(_printf_percent.o)
    0x080001e4   0x00000006   Code   RO         4763    .ARM.Collect$$_printf_percent$$00000009  c_w.l(_printf_d.o)
    0x080001ea   0x00000006   Code   RO         4762    .ARM.Collect$$_printf_percent$$0000000C  c_w.l(_printf_x.o)
    0x080001f0   0x00000006   Code   RO         4761    .ARM.Collect$$_printf_percent$$00000014  c_w.l(_printf_s.o)
    0x080001f6   0x00000004   Code   RO         4785    .ARM.Collect$$_printf_percent$$00000017  c_w.l(_printf_percent_end.o)
    0x080001fa   0x00000002   Code   RO         4831    .ARM.Collect$$libinit$$00000000  c_w.l(libinit.o)
    0x080001fc   0x00000000   Code   RO         4837    .ARM.Collect$$libinit$$00000002  c_w.l(libinit2.o)
    0x080001fc   0x00000000   Code   RO         4839    .ARM.Collect$$libinit$$00000004  c_w.l(libinit2.o)
    0x080001fc   0x00000000   Code   RO         4842    .ARM.Collect$$libinit$$0000000A  c_w.l(libinit2.o)
    0x080001fc   0x00000000   Code   RO         4844    .ARM.Collect$$libinit$$0000000C  c_w.l(libinit2.o)
    0x080001fc   0x00000000   Code   RO         4846    .ARM.Collect$$libinit$$0000000E  c_w.l(libinit2.o)
    0x080001fc   0x00000006   Code   RO         4847    .ARM.Collect$$libinit$$0000000F  c_w.l(libinit2.o)
    0x08000202   0x00000000   Code   RO         4849    .ARM.Collect$$libinit$$00000011  c_w.l(libinit2.o)
    0x08000202   0x0000000c   Code   RO         4850    .ARM.Collect$$libinit$$00000012  c_w.l(libinit2.o)
    0x0800020e   0x00000000   Code   RO         4851    .ARM.Collect$$libinit$$00000013  c_w.l(libinit2.o)
    0x0800020e   0x00000000   Code   RO         4853    .ARM.Collect$$libinit$$00000015  c_w.l(libinit2.o)
    0x0800020e   0x00000000   Code   RO         4855    .ARM.Collect$$libinit$$00000017  c_w.l(libinit2.o)
    0x0800020e   0x00000000   Code   RO         4857    .ARM.Collect$$libinit$$00000019  c_w.l(libinit2.o)
    0x0800020e   0x00000000   Code   RO         4859    .ARM.Collect$$libinit$$0000001B  c_w.l(libinit2.o)
    0x0800020e   0x00000000   Code   RO         4861    .ARM.Collect$$libinit$$0000001D  c_w.l(libinit2.o)
    0x0800020e   0x00000000   Code   RO         4863    .ARM.Collect$$libinit$$0000001F  c_w.l(libinit2.o)
    0x0800020e   0x00000000   Code   RO         4865    .ARM.Collect$$libinit$$00000021  c_w.l(libinit2.o)
    0x0800020e   0x00000000   Code   RO         4867    .ARM.Collect$$libinit$$00000023  c_w.l(libinit2.o)
    0x0800020e   0x00000000   Code   RO         4869    .ARM.Collect$$libinit$$00000025  c_w.l(libinit2.o)
    0x0800020e   0x00000000   Code   RO         4873    .ARM.Collect$$libinit$$0000002C  c_w.l(libinit2.o)
    0x0800020e   0x00000000   Code   RO         4875    .ARM.Collect$$libinit$$0000002E  c_w.l(libinit2.o)
    0x0800020e   0x00000000   Code   RO         4877    .ARM.Collect$$libinit$$00000030  c_w.l(libinit2.o)
    0x0800020e   0x00000000   Code   RO         4879    .ARM.Collect$$libinit$$00000032  c_w.l(libinit2.o)
    0x0800020e   0x00000002   Code   RO         4880    .ARM.Collect$$libinit$$00000033  c_w.l(libinit2.o)
    0x08000210   0x00000002   Code   RO         4900    .ARM.Collect$$libshutdown$$00000000  c_w.l(libshutdown.o)
    0x08000212   0x00000000   Code   RO         4914    .ARM.Collect$$libshutdown$$00000003  c_w.l(libshutdown2.o)
    0x08000212   0x00000000   Code   RO         4917    .ARM.Collect$$libshutdown$$00000006  c_w.l(libshutdown2.o)
    0x08000212   0x00000000   Code   RO         4920    .ARM.Collect$$libshutdown$$00000009  c_w.l(libshutdown2.o)
    0x08000212   0x00000000   Code   RO         4922    .ARM.Collect$$libshutdown$$0000000B  c_w.l(libshutdown2.o)
    0x08000212   0x00000000   Code   RO         4925    .ARM.Collect$$libshutdown$$0000000E  c_w.l(libshutdown2.o)
    0x08000212   0x00000002   Code   RO         4926    .ARM.Collect$$libshutdown$$0000000F  c_w.l(libshutdown2.o)
    0x08000214   0x00000000   Code   RO         4771    .ARM.Collect$$rtentry$$00000000  c_w.l(__rtentry.o)
    0x08000214   0x00000000   Code   RO         4792    .ARM.Collect$$rtentry$$00000002  c_w.l(__rtentry2.o)
    0x08000214   0x00000006   Code   RO         4804    .ARM.Collect$$rtentry$$00000004  c_w.l(__rtentry4.o)
    0x0800021a   0x00000000   Code   RO         4794    .ARM.Collect$$rtentry$$00000009  c_w.l(__rtentry2.o)
    0x0800021a   0x00000004   Code   RO         4795    .ARM.Collect$$rtentry$$0000000A  c_w.l(__rtentry2.o)
    0x0800021e   0x00000000   Code   RO         4797    .ARM.Collect$$rtentry$$0000000C  c_w.l(__rtentry2.o)
    0x0800021e   0x00000008   Code   RO         4798    .ARM.Collect$$rtentry$$0000000D  c_w.l(__rtentry2.o)
    0x08000226   0x00000002   Code   RO         4832    .ARM.Collect$$rtexit$$00000000  c_w.l(rtexit.o)
    0x08000228   0x00000000   Code   RO         4882    .ARM.Collect$$rtexit$$00000002  c_w.l(rtexit2.o)
    0x08000228   0x00000004   Code   RO         4883    .ARM.Collect$$rtexit$$00000003  c_w.l(rtexit2.o)
    0x0800022c   0x00000006   Code   RO         4884    .ARM.Collect$$rtexit$$00000004  c_w.l(rtexit2.o)
    0x08000232   0x00000002   PAD
    0x08000234   0x00000040   Code   RO         4658    .text               startup_stm32f10x_hd.o
    0x08000274   0x00000028   Code   RO         4712    .text               c_w.l(noretval__2sprintf.o)
    0x0800029c   0x00000068   Code   RO         4714    .text               c_w.l(__printf.o)
    0x08000304   0x00000052   Code   RO         4716    .text               c_w.l(_printf_str.o)
    0x08000356   0x00000002   PAD
    0x08000358   0x00000078   Code   RO         4718    .text               c_w.l(_printf_dec.o)
    0x080003d0   0x00000058   Code   RO         4723    .text               c_w.l(_printf_hex_int.o)
    0x08000428   0x0000001a   Code   RO         4765    .text               c_w.l(atoi.o)
    0x08000442   0x00000006   Code   RO         4767    .text               c_w.l(heapauxi.o)
    0x08000448   0x00000008   Code   RO         4775    .text               c_w.l(rt_errno_addr_intlibspace.o)
    0x08000450   0x000000b2   Code   RO         4777    .text               c_w.l(_printf_intcommon.o)
    0x08000502   0x00000002   PAD
    0x08000504   0x00000030   Code   RO         4779    .text               c_w.l(_printf_char_common.o)
    0x08000534   0x0000000a   Code   RO         4781    .text               c_w.l(_sputc.o)
    0x0800053e   0x0000002c   Code   RO         4783    .text               c_w.l(_printf_char.o)
    0x0800056a   0x00000070   Code   RO         4786    .text               c_w.l(strtol.o)
    0x080005da   0x00000002   PAD
    0x080005dc   0x00000008   Code   RO         4788    .text               c_w.l(libspace.o)
    0x080005e4   0x00000010   Code   RO         4806    .text               c_w.l(rt_ctype_table.o)
    0x080005f4   0x0000009e   Code   RO         4810    .text               c_w.l(_strtoul.o)
    0x08000692   0x0000004a   Code   RO         4812    .text               c_w.l(sys_stackheap_outer.o)
    0x080006dc   0x00000008   Code   RO         4817    .text               c_w.l(rt_locale_intlibspace.o)
    0x080006e4   0x0000001c   Code   RO         4819    .text               c_w.l(_chval.o)
    0x08000700   0x0000000c   Code   RO         4824    .text               c_w.l(exit.o)
    0x0800070c   0x00000080   Code   RO         4834    .text               c_w.l(strcmpv7m.o)
    0x0800078c   0x0000000c   Code   RO         4892    .text               c_w.l(sys_exit.o)
    0x08000798   0x00000002   Code   RO         4903    .text               c_w.l(use_no_semi.o)
    0x0800079a   0x00000000   Code   RO         4905    .text               c_w.l(indicate_semi.o)
    0x0800079a   0x00000016   Code   RO          341    i.ADC_Cmd           stm32f10x_adc.o
    0x080007b0   0x0000005c   Code   RO          343    i.ADC_DeInit        stm32f10x_adc.o
    0x0800080c   0x00000014   Code   RO          349    i.ADC_GetCalibrationStatus  stm32f10x_adc.o
    0x08000820   0x00000008   Code   RO          350    i.ADC_GetConversionValue  stm32f10x_adc.o
    0x08000828   0x00000012   Code   RO          352    i.ADC_GetFlagStatus  stm32f10x_adc.o
    0x0800083a   0x00000014   Code   RO          355    i.ADC_GetResetCalibrationStatus  stm32f10x_adc.o
    0x0800084e   0x00000002   PAD
    0x08000850   0x00000050   Code   RO          359    i.ADC_Init          stm32f10x_adc.o
    0x080008a0   0x000000b8   Code   RO          363    i.ADC_RegularChannelConfig  stm32f10x_adc.o
    0x08000958   0x0000000a   Code   RO          364    i.ADC_ResetCalibration  stm32f10x_adc.o
    0x08000962   0x00000016   Code   RO          366    i.ADC_SoftwareStartConvCmd  stm32f10x_adc.o
    0x08000978   0x0000000a   Code   RO          368    i.ADC_StartCalibration  stm32f10x_adc.o
    0x08000982   0x00000002   PAD
    0x08000984   0x00000070   Code   RO         4450    i.BatteryCheck      mmi.o
    0x080009f4   0x00000004   Code   RO         4046    i.BusFault_Handler  stm32f10x_it.o
    0x080009f8   0x00000068   Code   RO         3869    i.CBUS_5E_handler   mmi_dmr.o
    0x08000a60   0x0000006c   Code   RO         3870    i.CBUS_B4_handler   mmi_dmr.o
    0x08000acc   0x000000f4   Code   RO         4232    i.CBUS_Init         stm32f10x_sdr.o
    0x08000bc0   0x00000050   Code   RO         4233    i.CBUS_Read16       stm32f10x_sdr.o
    0x08000c10   0x00000040   Code   RO         4234    i.CBUS_Read8        stm32f10x_sdr.o
    0x08000c50   0x00000074   Code   RO         4235    i.CBUS_SendByte     stm32f10x_sdr.o
    0x08000cc4   0x0000003c   Code   RO         4236    i.CBUS_SetCSNHigh   stm32f10x_sdr.o
    0x08000d00   0x0000003c   Code   RO         4237    i.CBUS_SetCSNLow    stm32f10x_sdr.o
    0x08000d3c   0x00000004   Code   RO         4238    i.CBUS_TIMEOUT_UserCallback  stm32f10x_sdr.o
    0x08000d40   0x0000003c   Code   RO         4239    i.CBUS_WaitBitClr8  stm32f10x_sdr.o
    0x08000d7c   0x00000040   Code   RO         4240    i.CBUS_WaitBitSet16  stm32f10x_sdr.o
    0x08000dbc   0x00000042   Code   RO         4241    i.CBUS_Write16      stm32f10x_sdr.o
    0x08000dfe   0x0000003a   Code   RO         4242    i.CBUS_Write8       stm32f10x_sdr.o
    0x08000e38   0x00000018   Code   RO         3542    i.CMX7161_CMX994_DcOffset  cmx7161.o
    0x08000e50   0x0000000c   Code   RO         3543    i.CMX7161_CMX994_Gain  cmx7161.o
    0x08000e5c   0x00000024   Code   RO         3544    i.CMX7161_Cbus_5E   cmx7161.o
    0x08000e80   0x00000024   Code   RO         3545    i.CMX7161_Cbus_B4   cmx7161.o
    0x08000ea4   0x00000022   Code   RO         3546    i.CMX7161_DisableIRQ  cmx7161.o
    0x08000ec6   0x0000003a   Code   RO         3548    i.CMX7161_EnableAuxDAC  cmx7161.o
    0x08000f00   0x0000001c   Code   RO         3549    i.CMX7161_EnableIRQ  cmx7161.o
    0x08000f1c   0x00000020   Code   RO         3550    i.CMX7161_FlushStatusReg  cmx7161.o
    0x08000f3c   0x00000028   Code   RO         3551    i.CMX7161_FreqControl  cmx7161.o
    0x08000f64   0x00000028   Code   RO         3552    i.CMX7161_IRQ       cmx7161.o
    0x08000f8c   0x000000b4   Code   RO         3553    i.CMX7161_Init      cmx7161.o
    0x08001040   0x00000030   Code   RO         3554    i.CMX7161_ModemControl  cmx7161.o
    0x08001070   0x00000012   Code   RO         3555    i.CMX7161_ModemOptions  cmx7161.o
    0x08001082   0x00000002   PAD
    0x08001084   0x00000024   Code   RO         3557    i.CMX7161_PA_High   cmx7161.o
    0x080010a8   0x00000024   Code   RO         3558    i.CMX7161_PA_Low    cmx7161.o
    0x080010cc   0x00000024   Code   RO         3559    i.CMX7161_PA_Off    cmx7161.o
    0x080010f0   0x0000004c   Code   RO         3560    i.CMX7161_PeripheralConfig  cmx7161.o
    0x0800113c   0x00000100   Code   RO         3561    i.CMX7161_ProgramTxRamp  cmx7161.o
    0x0800123c   0x0000001a   Code   RO         3562    i.CMX7161_ReadRSSI  cmx7161.o
    0x08001256   0x00000002   PAD
    0x08001258   0x00000050   Code   RO         3563    i.CMX7161_ReadStatusReg  cmx7161.o
    0x080012a8   0x000000de   Code   RO         3564    i.CMX7161_RxData    cmx7161.o
    0x08001386   0x00000040   Code   RO         3565    i.CMX7161_RxFIFOSetup  cmx7161.o
    0x080013c6   0x00000096   Code   RO         3566    i.CMX7161_TxData    cmx7161.o
    0x0800145c   0x0000002a   Code   RO         3725    i.CMX7262_AnalogBlocks  cmx7262.o
    0x08001486   0x00000026   Code   RO         3726    i.CMX7262_AudioInputGain  cmx7262.o
    0x080014ac   0x00000012   Code   RO         3727    i.CMX7262_AudioOutputGain  cmx7262.o
    0x080014be   0x00000002   PAD
    0x080014c0   0x00000020   Code   RO         3728    i.CMX7262_AudioPA   cmx7262.o
    0x080014e0   0x0000003e   Code   RO         3729    i.CMX7262_Config    cmx7262.o
    0x0800151e   0x000000e2   Code   RO         3730    i.CMX7262_ConfigClocks  cmx7262.o
    0x08001600   0x00000038   Code   RO         3731    i.CMX7262_Decode    cmx7262.o
    0x08001638   0x0000001c   Code   RO         3733    i.CMX7262_EnableIRQ  cmx7262.o
    0x08001654   0x00000030   Code   RO         3734    i.CMX7262_Encode    cmx7262.o
    0x08001684   0x00000020   Code   RO         3735    i.CMX7262_FlushStatusReg  cmx7262.o
    0x080016a4   0x000000c4   Code   RO         3736    i.CMX7262_IRQ       cmx7262.o
    0x08001768   0x0000004e   Code   RO         3737    i.CMX7262_Idle      cmx7262.o
    0x080017b6   0x00000002   PAD
    0x080017b8   0x00000090   Code   RO         3738    i.CMX7262_Init      cmx7262.o
    0x08001848   0x0000003a   Code   RO         3739    i.CMX7262_InitHardware  cmx7262.o
    0x08001882   0x00000002   PAD
    0x08001884   0x00000020   Code   RO         3740    i.CMX7262_MMI_AudioGain  cmx7262.o
    0x080018a4   0x00000012   Code   RO         3741    i.CMX7262_Routing   cmx7262.o
    0x080018b6   0x00000014   Code   RO         3742    i.CMX7262_RxFIFO    cmx7262.o
    0x080018ca   0x00000002   PAD
    0x080018cc   0x00000064   Code   RO         3743    i.CMX7262_Transcode  cmx7262.o
    0x08001930   0x00000014   Code   RO         3744    i.CMX7262_TxFIFO    cmx7262.o
    0x08001944   0x00000068   Code   RO         3871    i.CMX994_DC_Offset_handler  mmi_dmr.o
    0x080019ac   0x00000070   Code   RO         3872    i.CMX994_Gain_handler  mmi_dmr.o
    0x08001a1c   0x00000018   Code   RO         4451    i.ChannelDown       mmi.o
    0x08001a34   0x00000018   Code   RO         4452    i.ChannelUp         mmi.o
    0x08001a4c   0x00000090   Code   RO         3873    i.CheckRadioMessages  mmi_dmr.o
    0x08001adc   0x0000001c   Code   RO         4243    i.ClearCounter      stm32f10x_sdr.o
    0x08001af8   0x00000022   Code   RO            4    i.DMR_CheckSync     maindmr.o
    0x08001b1a   0x00000002   PAD
    0x08001b1c   0x00000030   Code   RO            6    i.DMR_ErrorCheck    maindmr.o
    0x08001b4c   0x00000050   Code   RO            7    i.DMR_Init          maindmr.o
    0x08001b9c   0x0000000c   Code   RO            8    i.DMR_MMI_DataOff_Handler  maindmr.o
    0x08001ba8   0x0000000c   Code   RO            9    i.DMR_MMI_DataOn_Handler  maindmr.o
    0x08001bb4   0x000000d0   Code   RO           10    i.DMR_MMI_Idle_Handler  maindmr.o
    0x08001c84   0x0000013c   Code   RO           11    i.DMR_MMI_PTTKey_Handler  maindmr.o
    0x08001dc0   0x00000090   Code   RO           12    i.DMR_MMI_StarKey_Handler  maindmr.o
    0x08001e50   0x00000018   Code   RO           13    i.DMR_MMI_Volume    maindmr.o
    0x08001e68   0x00000004   Code   RO           14    i.DMR_PendSV        maindmr.o
    0x08001e6c   0x000004b8   Code   RO           16    i.DMR_SysTick       maindmr.o
    0x08002324   0x000000d6   Code   RO           17    i.DMR_WriteFlash    maindmr.o
    0x080023fa   0x00000002   Code   RO         4047    i.DebugMon_Handler  stm32f10x_it.o
    0x080023fc   0x00000018   Code   RO         4048    i.EXTI0_IRQHandler  stm32f10x_it.o
    0x08002414   0x00000018   Code   RO         4049    i.EXTI1_IRQHandler  stm32f10x_it.o
    0x0800242c   0x0000000c   Code   RO         1202    i.EXTI_ClearITPendingBit  stm32f10x_exti.o
    0x08002438   0x00000094   Code   RO         1207    i.EXTI_Init         stm32f10x_exti.o
    0x080024cc   0x0000000c   Code   RO         1270    i.FLASH_ClearFlag   stm32f10x_flash.o
    0x080024d8   0x0000004c   Code   RO         1275    i.FLASH_ErasePage   stm32f10x_flash.o
    0x08002524   0x00000034   Code   RO         1276    i.FLASH_GetBank1Status  stm32f10x_flash.o
    0x08002558   0x00000014   Code   RO         1285    i.FLASH_Lock        stm32f10x_flash.o
    0x0800256c   0x0000006c   Code   RO         1290    i.FLASH_ProgramWord  stm32f10x_flash.o
    0x080025d8   0x00000018   Code   RO         1293    i.FLASH_Unlock      stm32f10x_flash.o
    0x080025f0   0x00000026   Code   RO         1297    i.FLASH_WaitForLastOperation  stm32f10x_flash.o
    0x08002616   0x00000002   PAD
    0x08002618   0x00000084   Code   RO         4244    i.FT232_USART_Init  stm32f10x_sdr.o
    0x0800269c   0x00000040   Code   RO         1591    i.GPIO_EXTILineConfig  stm32f10x_gpio.o
    0x080026dc   0x00000116   Code   RO         1594    i.GPIO_Init         stm32f10x_gpio.o
    0x080027f2   0x00000002   PAD
    0x080027f4   0x00000090   Code   RO         1596    i.GPIO_PinRemapConfig  stm32f10x_gpio.o
    0x08002884   0x00000008   Code   RO         1597    i.GPIO_ReadInputData  stm32f10x_gpio.o
    0x0800288c   0x00000004   Code   RO         1601    i.GPIO_ResetBits    stm32f10x_gpio.o
    0x08002890   0x00000004   Code   RO         1602    i.GPIO_SetBits      stm32f10x_gpio.o
    0x08002894   0x00000008   Code   RO         4250    i.GPIO_ToggleBits   stm32f10x_sdr.o
    0x0800289c   0x00000004   Code   RO         1604    i.GPIO_Write        stm32f10x_gpio.o
    0x080028a0   0x00000004   Code   RO         4050    i.HardFault_Handler  stm32f10x_it.o
    0x080028a4   0x00000094   Code   RO         4051    i.IRQ_CBUSInit      stm32f10x_it.o
    0x08002938   0x00000078   Code   RO         4052    i.IRQ_SystemInit    stm32f10x_it.o
    0x080029b0   0x00000066   Code   RO         4455    i.KeyToChar         mmi.o
    0x08002a16   0x00000002   PAD
    0x08002a18   0x000000e8   Code   RO         4456    i.Keypad            mmi.o
    0x08002b00   0x0000007c   Code   RO         4457    i.LCDInit           mmi.o
    0x08002b7c   0x00000074   Code   RO         4458    i.LCDReadBusy       mmi.o
    0x08002bf0   0x00000048   Code   RO         4459    i.LCDWriteByte      mmi.o
    0x08002c38   0x0000003c   Code   RO         4460    i.LCDWriteData      mmi.o
    0x08002c74   0x0000003c   Code   RO         4461    i.LCDWriteInstruction  mmi.o
    0x08002cb0   0x00000178   Code   RO         4462    i.MMI_Init          mmi.o
    0x08002e28   0x00000040   Code   RO         4463    i.MMI_Main          mmi.o
    0x08002e68   0x00000004   Code   RO         4053    i.MemManage_Handler  stm32f10x_it.o
    0x08002e6c   0x00000068   Code   RO         3874    i.MicInputGain_handler  mmi_dmr.o
    0x08002ed4   0x00000002   Code   RO         4054    i.NMI_Handler       stm32f10x_it.o
    0x08002ed6   0x00000002   PAD
    0x08002ed8   0x00000070   Code   RO          271    i.NVIC_Init         misc.o
    0x08002f48   0x00000014   Code   RO          272    i.NVIC_PriorityGroupConfig  misc.o
    0x08002f5c   0x0000006c   Code   RO           18    i.PRBS_CheckPattern  maindmr.o
    0x08002fc8   0x0000003c   Code   RO           19    i.PRBS_CopyPattern  maindmr.o
    0x08003004   0x0000000c   Code   RO           20    i.PRBS_ReadBitErrorCount  maindmr.o
    0x08003010   0x00000024   Code   RO           21    i.PRBS_ReadFrameCount  maindmr.o
    0x08003034   0x00000008   Code   RO         4058    i.PendSV_Handler    stm32f10x_it.o
    0x0800303c   0x0000000c   Code   RO         4059    i.PendSV_Priority   stm32f10x_it.o
    0x08003048   0x0000002c   Code   RO         4251    i.PortE_Init        stm32f10x_sdr.o
    0x08003074   0x00000494   Code   RO         3875    i.ProcessKeys       mmi_dmr.o
    0x08003508   0x00000018   Code   RO         2056    i.RCC_ADCCLKConfig  stm32f10x_rcc.o
    0x08003520   0x00000020   Code   RO         2058    i.RCC_APB1PeriphClockCmd  stm32f10x_rcc.o
    0x08003540   0x00000020   Code   RO         2059    i.RCC_APB1PeriphResetCmd  stm32f10x_rcc.o
    0x08003560   0x00000020   Code   RO         2060    i.RCC_APB2PeriphClockCmd  stm32f10x_rcc.o
    0x08003580   0x00000020   Code   RO         2061    i.RCC_APB2PeriphResetCmd  stm32f10x_rcc.o
    0x080035a0   0x000000d4   Code   RO         2068    i.RCC_GetClocksFreq  stm32f10x_rcc.o
    0x08003674   0x0000015e   Code   RO         4016    i.Radio_CMX994Config  radio.o
    0x080037d2   0x00000066   Code   RO         4017    i.Radio_SkyWorks    radio.o
    0x08003838   0x00000020   Code   RO         4252    i.ReadCounter       stm32f10x_sdr.o
    0x08003858   0x0000003c   Code   RO         4464    i.ReadPTT           mmi.o
    0x08003894   0x0000004c   Code   RO         3876    i.ReadRSSI          mmi_dmr.o
    0x080038e0   0x00000002   Code   RO         4253    i.SDR_Dummy_IRQ     stm32f10x_sdr.o
    0x080038e2   0x00000002   PAD
    0x080038e4   0x00000040   Code   RO         4254    i.SDR_Init          stm32f10x_sdr.o
    0x08003924   0x00000280   Code   RO         4255    i.SDR_Load_FI       stm32f10x_sdr.o
    0x08003ba4   0x00000018   Code   RO         2573    i.SPI_Cmd           stm32f10x_spi.o
    0x08003bbc   0x00000058   Code   RO         2580    i.SPI_I2S_DeInit    stm32f10x_spi.o
    0x08003c14   0x00000012   Code   RO         2581    i.SPI_I2S_GetFlagStatus  stm32f10x_spi.o
    0x08003c26   0x00000006   Code   RO         2584    i.SPI_I2S_ReceiveData  stm32f10x_spi.o
    0x08003c2c   0x00000004   Code   RO         2585    i.SPI_I2S_SendData  stm32f10x_spi.o
    0x08003c30   0x0000003c   Code   RO         2586    i.SPI_Init          stm32f10x_spi.o
    0x08003c6c   0x00000002   Code   RO         4060    i.SVC_Handler       stm32f10x_it.o
    0x08003c6e   0x00000002   PAD
    0x08003c70   0x00000048   Code   RO         3877    i.Save_Handler      mmi_dmr.o
    0x08003cb8   0x0000004c   Code   RO         4465    i.SetChannel        mmi.o
    0x08003d04   0x00000008   Code   RO         4665    i.SetSysClock       system_stm32f10x_1.o
    0x08003d0c   0x000000e0   Code   RO         4666    i.SetSysClockTo72   system_stm32f10x_1.o
    0x08003dec   0x0000004c   Code   RO         3878    i.SetVol            mmi_dmr.o
    0x08003e38   0x00000008   Code   RO         4061    i.SysTick_Handler   stm32f10x_it.o
    0x08003e40   0x0000000c   Code   RO         4062    i.SysTick_Priority  stm32f10x_it.o
    0x08003e4c   0x000000a4   Code   RO         4667    i.SystemCoreClockUpdate  system_stm32f10x_1.o
    0x08003ef0   0x00000060   Code   RO         4668    i.SystemInit        system_stm32f10x_1.o
    0x08003f50   0x000000b0   Code   RO         4466    i.TIM1_Init_MMI     mmi.o
    0x08004000   0x00000068   Code   RO         4256    i.TIM2_Init         stm32f10x_sdr.o
    0x08004068   0x0000004c   Code   RO         4257    i.TIM3_Init         stm32f10x_sdr.o
    0x080040b4   0x00000058   Code   RO         4258    i.TIM4_Init         stm32f10x_sdr.o
    0x0800410c   0x00000058   Code   RO         4259    i.TIM5_Init         stm32f10x_sdr.o
    0x08004164   0x00000018   Code   RO         2728    i.TIM_ARRPreloadConfig  stm32f10x_tim.o
    0x0800417c   0x00000018   Code   RO         2740    i.TIM_Cmd           stm32f10x_tim.o
    0x08004194   0x0000001e   Code   RO         2742    i.TIM_CtrlPWMOutputs  stm32f10x_tim.o
    0x080041b2   0x00000006   Code   RO         2759    i.TIM_GetCounter    stm32f10x_tim.o
    0x080041b8   0x00000018   Code   RO         2766    i.TIM_ITRxExternalClockConfig  stm32f10x_tim.o
    0x080041d0   0x00000098   Code   RO         2769    i.TIM_OC1Init       stm32f10x_tim.o
    0x08004268   0x00000012   Code   RO         2772    i.TIM_OC1PreloadConfig  stm32f10x_tim.o
    0x0800427a   0x00000012   Code   RO         2793    i.TIM_SelectInputTrigger  stm32f10x_tim.o
    0x0800428c   0x00000012   Code   RO         2797    i.TIM_SelectOutputTrigger  stm32f10x_tim.o
    0x0800429e   0x00000004   Code   RO         2805    i.TIM_SetCounter    stm32f10x_tim.o
    0x080042a2   0x00000002   PAD
    0x080042a4   0x000000a4   Code   RO         2811    i.TIM_TimeBaseInit  stm32f10x_tim.o
    0x08004348   0x00000018   Code   RO         2813    i.TIM_UpdateDisableConfig  stm32f10x_tim.o
    0x08004360   0x00000002   Code   RO         4063    i.USART1_IRQHandler  stm32f10x_it.o
    0x08004362   0x00000018   Code   RO         3288    i.USART_Cmd         stm32f10x_usart.o
    0x0800437a   0x00000002   PAD
    0x0800437c   0x0000009c   Code   RO         3290    i.USART_DeInit      stm32f10x_usart.o
    0x08004418   0x000000d8   Code   RO         3295    i.USART_Init        stm32f10x_usart.o
    0x080044f0   0x00000080   Code   RO         4467    i.UpdateDisplay     mmi.o
    0x08004570   0x00000350   Code   RO         3880    i.UpdateStrings     mmi_dmr.o
    0x080048c0   0x00000004   Code   RO         4064    i.UsageFault_Handler  stm32f10x_it.o
    0x080048c4   0x00000018   Code   RO         4468    i.VolumeDown        mmi.o
    0x080048dc   0x00000018   Code   RO         4469    i.VolumeUp          mmi.o
    0x080048f4   0x00000002   Code   RO         3881    i.dummy             mmi_dmr.o
    0x080048f6   0x00000002   PAD
    0x080048f8   0x0000006c   Code   RO         3882    i.freq_control_handler  mmi_dmr.o
    0x08004964   0x000000d0   Code   RO           22    i.main              maindmr.o
    0x08004a34   0x00000048   Code   RO         3883    i.pa_handler        mmi_dmr.o
    0x08004a7c   0x0000005c   Code   RO         3884    i.rx_mode_handler   mmi_dmr.o
    0x08004ad8   0x00000070   Code   RO         3885    i.tx_pattern_handler  mmi_dmr.o
    0x08004b48   0x0000002c   Code   RO         4822    locale$$code        c_w.l(lc_ctype_c.o)
    0x08004b74   0x00000080   Data   RO         3567    .constdata          cmx7161.o
    0x08004bf4   0x0000002a   Data   RO         3887    .constdata          mmi_dmr.o
    0x08004c1e   0x00000002   PAD
    0x08004c20   0x00000023   Data   RO         4065    .constdata          stm32f10x_it.o
    0x08004c43   0x00000028   Data   RO         4724    .constdata          c_w.l(_printf_hex_int.o)
    0x08004c6b   0x00000001   PAD
    0x08004c6c   0x00000020   Data   RO         4957    Region$$Table       anon$$obj.o
    0x08004c8c   0x00000110   Data   RO         4821    locale$$data        c_w.l(lc_ctype_c.o)


    Execution Region RW_IRAM1 (Base: 0x20000000, Size: 0x00001750, Max: 0x0000c000, ABSOLUTE, COMPRESSED[0x000003f8])

    Base Addr    Size         Type   Attr      Idx    E Section Name        Object

    0x20000000   0x00000224   Data   RW           25    .data               maindmr.o
    0x20000224   0x00000014   Data   RW         2088    .data               stm32f10x_rcc.o
    0x20000238   0x00000004   Data   RW         3568    .data               cmx7161.o
    0x2000023c   0x00000004   Data   RW         3745    .data               cmx7262.o
    0x20000240   0x0000079a   Data   RW         3888    .data               mmi_dmr.o
    0x200009da   0x00000002   PAD
    0x200009dc   0x0000000c   Data   RW         4066    .data               stm32f10x_it.o
    0x200009e8   0x0000000c   Data   RW         4262    .data               stm32f10x_sdr.o
    0x200009f4   0x00000058   Data   RW         4470    .data               mmi.o
    0x20000a4c   0x00000014   Data   RW         4669    .data               system_stm32f10x_1.o
    0x20000a60   0x00000658   Zero   RW           23    .bss                maindmr.o
    0x200010b8   0x00000011   Zero   RW         3886    .bss                mmi_dmr.o
    0x200010c9   0x00000003   PAD
    0x200010cc   0x00000024   Zero   RW         4261    .bss                stm32f10x_sdr.o
    0x200010f0   0x00000060   Zero   RW         4789    .bss                c_w.l(libspace.o)
    0x20001150   0x00000200   Zero   RW         4656    HEAP                startup_stm32f10x_hd.o
    0x20001350   0x00000400   Zero   RW         4655    STACK               startup_stm32f10x_hd.o


==============================================================================

Image component sizes


      Code (inc. data)   RO Data    RW Data    ZI Data      Debug   Object Name

      1568         50        128          4          0      21703   cmx7161.o
      1248         26          0          4          0      13358   cmx7262.o
      2728        234          0        548       1624     290101   maindmr.o
       132         22          0          0          0     206191   misc.o
      1854        200          0         88          0     225468   mmi.o
      3306        518         42       1946         17      17368   mmi_dmr.o
       452          0          0          0          0       1674   radio.o
        64         26        304          0       1536        816   startup_stm32f10x_hd.o
       486         24          0          0          0      17110   stm32f10x_adc.o
       160         12          0          0          0       3549   stm32f10x_exti.o
       330         38          0          0          0       5060   stm32f10x_flash.o
       506         10          0          0          0       5258   stm32f10x_gpio.o
       380         62         35         12          0     237624   stm32f10x_it.o
       364         50          0         20          0       5847   stm32f10x_rcc.o
      2182        134          0         12         36      26527   stm32f10x_sdr.o
       200         12          0          0          0       4131   stm32f10x_spi.o
       506         62          0          0          0       7107   stm32f10x_tim.o
       396         28          0          0          0       3276   stm32f10x_usart.o
       492         50          0         20          0       2849   system_stm32f10x_1.o

    ----------------------------------------------------------------------
     17390       1558        543       2656       3216    1095017   Object Totals
         0          0         32          0          0          0   (incl. Generated)
        36          0          2          2          3          0   (incl. Padding)

    ----------------------------------------------------------------------

      Code (inc. data)   RO Data    RW Data    ZI Data      Debug   Library Member Name

        90          0          0          0          0          0   __dczerorl2.o
         8          0          0          0          0         68   __main.o
       104          0          0          0          0         84   __printf.o
         0          0          0          0          0          0   __rtentry.o
        12          0          0          0          0          0   __rtentry2.o
         6          0          0          0          0          0   __rtentry4.o
        52          8          0          0          0          0   __scatter.o
        28          0          0          0          0          0   __scatter_zi.o
        28          0          0          0          0         68   _chval.o
        44          0          0          0          0        108   _printf_char.o
        48          6          0          0          0         96   _printf_char_common.o
         6          0          0          0          0          0   _printf_d.o
       120         16          0          0          0         92   _printf_dec.o
        88          4         40          0          0         88   _printf_hex_int.o
       178          0          0          0          0         88   _printf_intcommon.o
         0          0          0          0          0          0   _printf_percent.o
         4          0          0          0          0          0   _printf_percent_end.o
         6          0          0          0          0          0   _printf_s.o
        82          0          0          0          0         80   _printf_str.o
         6          0          0          0          0          0   _printf_x.o
        10          0          0          0          0         68   _sputc.o
       158          0          0          0          0         92   _strtoul.o
        26          0          0          0          0         80   atoi.o
        12          0          0          0          0         72   exit.o
         6          0          0          0          0        152   heapauxi.o
         0          0          0          0          0          0   indicate_semi.o
        44         10        272          0          0         76   lc_ctype_c.o
         2          0          0          0          0          0   libinit.o
        20          0          0          0          0          0   libinit2.o
         2          0          0          0          0          0   libshutdown.o
         2          0          0          0          0          0   libshutdown2.o
         8          4          0          0         96         68   libspace.o
        40          6          0          0          0         84   noretval__2sprintf.o
        16          4          0          0          0         76   rt_ctype_table.o
         8          4          0          0          0         68   rt_errno_addr_intlibspace.o
         8          4          0          0          0         68   rt_locale_intlibspace.o
         2          0          0          0          0          0   rtexit.o
        10          0          0          0          0          0   rtexit2.o
       128          0          0          0          0         68   strcmpv7m.o
       112          0          0          0          0         88   strtol.o
        12          4          0          0          0         68   sys_exit.o
        74          0          0          0          0         80   sys_stackheap_outer.o
         2          0          0          0          0         68   use_no_semi.o

    ----------------------------------------------------------------------
      1622         70        313          0         96       2048   Library Totals
        10          0          1          0          0          0   (incl. Padding)

    ----------------------------------------------------------------------

      Code (inc. data)   RO Data    RW Data    ZI Data      Debug   Library Name

      1612         70        312          0         96       2048   c_w.l

    ----------------------------------------------------------------------
      1622         70        313          0         96       2048   Library Totals

    ----------------------------------------------------------------------

==============================================================================


      Code (inc. data)   RO Data    RW Data    ZI Data      Debug   

     19012       1628        856       2656       3312    1086141   Grand Totals
     19012       1628        856       1016       3312    1086141   ELF Image Totals (compressed)
     19012       1628        856       1016          0          0   ROM Totals

==============================================================================

    Total RO  Size (Code + RO Data)                19868 (  19.40kB)
    Total RW  Size (RW Data + ZI Data)              5968 (   5.83kB)
    Total ROM Size (Code + RO Data + RW Data)      20884 (  20.39kB)

==============================================================================

